Archive member included because of file (symbol)

c:/program files/arm/bin/../lib/gcc/arm-none-eabi/4.8.4/armv7-m\libgcc.a(_arm_addsubdf3.o)
                              ..\obj\string.o (__aeabi_f2d)
c:/program files/arm/bin/../lib/gcc/arm-none-eabi/4.8.4/armv7-m\libgcc.a(_arm_muldivdf3.o)
                              ..\obj\string.o (__aeabi_dmul)
c:/program files/arm/bin/../lib/gcc/arm-none-eabi/4.8.4/armv7-m\libgcc.a(_arm_truncdfsf2.o)
                              ..\obj\string.o (__aeabi_d2f)
c:/program files/arm/bin/../lib/gcc/arm-none-eabi/4.8.4/armv7-m\libgcc.a(_arm_addsubsf3.o)
                              ..\obj\string.o (__aeabi_fsub)
c:/program files/arm/bin/../lib/gcc/arm-none-eabi/4.8.4/armv7-m\libgcc.a(_arm_muldivsf3.o)
                              ..\obj\string.o (__aeabi_fmul)
c:/program files/arm/bin/../lib/gcc/arm-none-eabi/4.8.4/armv7-m\libgcc.a(_arm_cmpsf2.o)
                              ..\obj\string.o (__aeabi_fcmplt)
c:/program files/arm/bin/../lib/gcc/arm-none-eabi/4.8.4/armv7-m\libgcc.a(_arm_fixsfsi.o)
                              ..\obj\string.o (__aeabi_f2iz)

Allocating common symbols
Common symbol       size              file

sett                0xc               ..\obj\UI.o
Object              0xd2              ..\obj\draw.o
TX_data             0x1               ..\obj\TxRx.o
Date                0xc               ..\obj\UI.o
CurrMenuItem        0x4               ..\obj\UI.o
delay               0x2               ..\obj\main.o
transDir            0x1               ..\obj\UI.o
Time                0xa               ..\obj\UI.o
RTC_TimeDate        0x8               ..\obj\UI.o
WriteFunc           0x4               ..\obj\UI.o
Text                0x1950            ..\obj\draw.o
menuParamValue      0x2               ..\obj\UI.o

Discarded input sections

 .text          0x00000000        0x0 ..\obj\stm32f10x_rtc.o
 .data          0x00000000        0x0 ..\obj\stm32f10x_rtc.o
 .bss           0x00000000        0x0 ..\obj\stm32f10x_rtc.o
 .text.RTC_ITConfig
                0x00000000       0x20 ..\obj\stm32f10x_rtc.o
 .text.RTC_SetAlarm
                0x00000000       0x1c ..\obj\stm32f10x_rtc.o
 .text.RTC_GetDivider
                0x00000000       0x18 ..\obj\stm32f10x_rtc.o
 .text.RTC_WaitForLastTask
                0x00000000       0x14 ..\obj\stm32f10x_rtc.o
 .text.RTC_GetFlagStatus
                0x00000000       0x14 ..\obj\stm32f10x_rtc.o
 .text.RTC_ClearFlag
                0x00000000       0x14 ..\obj\stm32f10x_rtc.o
 .text.RTC_GetITStatus
                0x00000000       0x24 ..\obj\stm32f10x_rtc.o
 .text.RTC_ClearITPendingBit
                0x00000000       0x14 ..\obj\stm32f10x_rtc.o
 .text          0x00000000        0x0 ..\obj\string.o
 .data          0x00000000        0x0 ..\obj\string.o
 .bss           0x00000000        0x0 ..\obj\string.o
 .text          0x00000000        0x0 ..\obj\stm32f10x_tim.o
 .data          0x00000000        0x0 ..\obj\stm32f10x_tim.o
 .bss           0x00000000        0x0 ..\obj\stm32f10x_tim.o
 .text.TIM_DeInit
                0x00000000      0x200 ..\obj\stm32f10x_tim.o
 .text.TIM_OC1Init
                0x00000000       0x8c ..\obj\stm32f10x_tim.o
 .text.TIM_OC2Init
                0x00000000       0x88 ..\obj\stm32f10x_tim.o
 .text.TIM_OC4Init
                0x00000000       0x6c ..\obj\stm32f10x_tim.o
 .text.TIM_BDTRConfig
                0x00000000       0x24 ..\obj\stm32f10x_tim.o
 .text.TIM_TimeBaseStructInit
                0x00000000       0x14 ..\obj\stm32f10x_tim.o
 .text.TIM_OCStructInit
                0x00000000       0x14 ..\obj\stm32f10x_tim.o
 .text.TIM_ICStructInit
                0x00000000       0x10 ..\obj\stm32f10x_tim.o
 .text.TIM_BDTRStructInit
                0x00000000       0x14 ..\obj\stm32f10x_tim.o
 .text.TIM_CtrlPWMOutputs
                0x00000000       0x24 ..\obj\stm32f10x_tim.o
 .text.TIM_GenerateEvent
                0x00000000        0x4 ..\obj\stm32f10x_tim.o
 .text.TIM_DMAConfig
                0x00000000        0x8 ..\obj\stm32f10x_tim.o
 .text.TIM_DMACmd
                0x00000000       0x18 ..\obj\stm32f10x_tim.o
 .text.TIM_InternalClockConfig
                0x00000000       0x10 ..\obj\stm32f10x_tim.o
 .text.TIM_ITRxExternalClockConfig
                0x00000000       0x1c ..\obj\stm32f10x_tim.o
 .text.TIM_TIxExternalClockConfig
                0x00000000       0x38 ..\obj\stm32f10x_tim.o
 .text.TIM_ETRConfig
                0x00000000       0x18 ..\obj\stm32f10x_tim.o
 .text.TIM_ETRClockMode1Config
                0x00000000       0x1c ..\obj\stm32f10x_tim.o
 .text.TIM_ETRClockMode2Config
                0x00000000       0x14 ..\obj\stm32f10x_tim.o
 .text.TIM_PrescalerConfig
                0x00000000        0x8 ..\obj\stm32f10x_tim.o
 .text.TIM_CounterModeConfig
                0x00000000       0x10 ..\obj\stm32f10x_tim.o
 .text.TIM_EncoderInterfaceConfig
                0x00000000       0x3c ..\obj\stm32f10x_tim.o
 .text.TIM_ForcedOC1Config
                0x00000000       0x10 ..\obj\stm32f10x_tim.o
 .text.TIM_ForcedOC2Config
                0x00000000       0x14 ..\obj\stm32f10x_tim.o
 .text.TIM_ForcedOC3Config
                0x00000000       0x10 ..\obj\stm32f10x_tim.o
 .text.TIM_ForcedOC4Config
                0x00000000       0x14 ..\obj\stm32f10x_tim.o
 .text.TIM_ARRPreloadConfig
                0x00000000       0x1c ..\obj\stm32f10x_tim.o
 .text.TIM_SelectCOM
                0x00000000       0x1c ..\obj\stm32f10x_tim.o
 .text.TIM_SelectCCDMA
                0x00000000       0x1c ..\obj\stm32f10x_tim.o
 .text.TIM_CCPreloadControl
                0x00000000       0x1c ..\obj\stm32f10x_tim.o
 .text.TIM_OC1PreloadConfig
                0x00000000       0x10 ..\obj\stm32f10x_tim.o
 .text.TIM_OC2PreloadConfig
                0x00000000       0x14 ..\obj\stm32f10x_tim.o
 .text.TIM_OC4PreloadConfig
                0x00000000       0x14 ..\obj\stm32f10x_tim.o
 .text.TIM_OC1FastConfig
                0x00000000       0x10 ..\obj\stm32f10x_tim.o
 .text.TIM_OC2FastConfig
                0x00000000       0x14 ..\obj\stm32f10x_tim.o
 .text.TIM_OC3FastConfig
                0x00000000       0x10 ..\obj\stm32f10x_tim.o
 .text.TIM_OC4FastConfig
                0x00000000       0x14 ..\obj\stm32f10x_tim.o
 .text.TIM_ClearOC1Ref
                0x00000000       0x10 ..\obj\stm32f10x_tim.o
 .text.TIM_ClearOC2Ref
                0x00000000       0x10 ..\obj\stm32f10x_tim.o
 .text.TIM_ClearOC3Ref
                0x00000000       0x10 ..\obj\stm32f10x_tim.o
 .text.TIM_ClearOC4Ref
                0x00000000       0x10 ..\obj\stm32f10x_tim.o
 .text.TIM_OC1PolarityConfig
                0x00000000       0x10 ..\obj\stm32f10x_tim.o
 .text.TIM_OC1NPolarityConfig
                0x00000000       0x10 ..\obj\stm32f10x_tim.o
 .text.TIM_OC2PolarityConfig
                0x00000000       0x14 ..\obj\stm32f10x_tim.o
 .text.TIM_OC2NPolarityConfig
                0x00000000       0x14 ..\obj\stm32f10x_tim.o
 .text.TIM_OC3PolarityConfig
                0x00000000       0x14 ..\obj\stm32f10x_tim.o
 .text.TIM_OC3NPolarityConfig
                0x00000000       0x14 ..\obj\stm32f10x_tim.o
 .text.TIM_OC4PolarityConfig
                0x00000000       0x14 ..\obj\stm32f10x_tim.o
 .text.TIM_CCxCmd
                0x00000000       0x20 ..\obj\stm32f10x_tim.o
 .text.TIM_CCxNCmd
                0x00000000       0x20 ..\obj\stm32f10x_tim.o
 .text.TIM_SelectOCxM
                0x00000000       0x4c ..\obj\stm32f10x_tim.o
 .text.TIM_UpdateDisableConfig
                0x00000000       0x1c ..\obj\stm32f10x_tim.o
 .text.TIM_UpdateRequestConfig
                0x00000000       0x1c ..\obj\stm32f10x_tim.o
 .text.TIM_SelectHallSensor
                0x00000000       0x1c ..\obj\stm32f10x_tim.o
 .text.TIM_SelectOnePulseMode
                0x00000000       0x18 ..\obj\stm32f10x_tim.o
 .text.TIM_SelectOutputTrigger
                0x00000000       0x18 ..\obj\stm32f10x_tim.o
 .text.TIM_SelectMasterSlaveMode
                0x00000000       0x18 ..\obj\stm32f10x_tim.o
 .text.TIM_SetCounter
                0x00000000        0x4 ..\obj\stm32f10x_tim.o
 .text.TIM_SetAutoreload
                0x00000000        0x4 ..\obj\stm32f10x_tim.o
 .text.TIM_SetCompare1
                0x00000000        0x4 ..\obj\stm32f10x_tim.o
 .text.TIM_SetCompare2
                0x00000000        0x4 ..\obj\stm32f10x_tim.o
 .text.TIM_SetCompare3
                0x00000000        0x4 ..\obj\stm32f10x_tim.o
 .text.TIM_SetCompare4
                0x00000000        0x8 ..\obj\stm32f10x_tim.o
 .text.TIM_PWMIConfig
                0x00000000       0x6c ..\obj\stm32f10x_tim.o
 .text.TIM_SetClockDivision
                0x00000000       0x18 ..\obj\stm32f10x_tim.o
 .text.TIM_GetCapture1
                0x00000000        0x8 ..\obj\stm32f10x_tim.o
 .text.TIM_GetCapture3
                0x00000000        0x8 ..\obj\stm32f10x_tim.o
 .text.TIM_GetCapture4
                0x00000000        0x8 ..\obj\stm32f10x_tim.o
 .text.TIM_GetCounter
                0x00000000        0x8 ..\obj\stm32f10x_tim.o
 .text.TIM_GetPrescaler
                0x00000000        0x8 ..\obj\stm32f10x_tim.o
 .text.TIM_GetFlagStatus
                0x00000000        0xc ..\obj\stm32f10x_tim.o
 .text.TIM_ClearFlag
                0x00000000        0x8 ..\obj\stm32f10x_tim.o
 .text          0x00000000        0x0 ..\obj\UI.o
 .text          0x00000000        0x0 ..\obj\system_stm32f10x.o
 .data          0x00000000       0x14 ..\obj\system_stm32f10x.o
 .bss           0x00000000        0x0 ..\obj\system_stm32f10x.o
 .text.SystemCoreClockUpdate
                0x00000000       0x88 ..\obj\system_stm32f10x.o
 .text          0x00000000        0x0 ..\obj\startup_stm32f10x_md.o
 .data          0x00000000        0x0 ..\obj\startup_stm32f10x_md.o
 .bss           0x00000000        0x0 ..\obj\startup_stm32f10x_md.o
 .text          0x00000000        0x0 ..\obj\stm32f10x_pwr.o
 .data          0x00000000        0x0 ..\obj\stm32f10x_pwr.o
 .bss           0x00000000        0x0 ..\obj\stm32f10x_pwr.o
 .text.PWR_DeInit
                0x00000000       0x18 ..\obj\stm32f10x_pwr.o
 .text.PWR_BackupAccessCmd
                0x00000000        0xc ..\obj\stm32f10x_pwr.o
 .text.PWR_PVDCmd
                0x00000000        0xc ..\obj\stm32f10x_pwr.o
 .text.PWR_PVDLevelConfig
                0x00000000       0x14 ..\obj\stm32f10x_pwr.o
 .text.PWR_WakeUpPinCmd
                0x00000000        0xc ..\obj\stm32f10x_pwr.o
 .text.PWR_EnterSTOPMode
                0x00000000       0x34 ..\obj\stm32f10x_pwr.o
 .text.PWR_EnterSTANDBYMode
                0x00000000       0x28 ..\obj\stm32f10x_pwr.o
 .text.PWR_GetFlagStatus
                0x00000000       0x14 ..\obj\stm32f10x_pwr.o
 .text.PWR_ClearFlag
                0x00000000       0x10 ..\obj\stm32f10x_pwr.o
 .debug_info    0x00000000      0x4cd ..\obj\stm32f10x_pwr.o
 .debug_abbrev  0x00000000      0x1b2 ..\obj\stm32f10x_pwr.o
 .debug_loc     0x00000000      0x111 ..\obj\stm32f10x_pwr.o
 .debug_aranges
                0x00000000       0x60 ..\obj\stm32f10x_pwr.o
 .debug_ranges  0x00000000       0x50 ..\obj\stm32f10x_pwr.o
 .debug_line    0x00000000      0x250 ..\obj\stm32f10x_pwr.o
 .debug_str     0x00000000      0x344 ..\obj\stm32f10x_pwr.o
 .comment       0x00000000       0x71 ..\obj\stm32f10x_pwr.o
 .ARM.attributes
                0x00000000       0x33 ..\obj\stm32f10x_pwr.o
 .debug_frame   0x00000000       0xa8 ..\obj\stm32f10x_pwr.o
 .text          0x00000000        0x0 ..\obj\timework.o
 .data          0x00000000        0x0 ..\obj\timework.o
 .bss           0x00000000        0x0 ..\obj\timework.o
 .text.RTC_TimeDateToCnt
                0x00000000       0xb4 ..\obj\timework.o
 .text          0x00000000        0x0 ..\obj\stm32f10x_gpio.o
 .data          0x00000000        0x0 ..\obj\stm32f10x_gpio.o
 .bss           0x00000000        0x0 ..\obj\stm32f10x_gpio.o
 .text.GPIO_DeInit
                0x00000000       0xcc ..\obj\stm32f10x_gpio.o
 .text.GPIO_AFIODeInit
                0x00000000       0x14 ..\obj\stm32f10x_gpio.o
 .text.GPIO_StructInit
                0x00000000       0x10 ..\obj\stm32f10x_gpio.o
 .text.GPIO_ReadInputDataBit
                0x00000000        0xc ..\obj\stm32f10x_gpio.o
 .text.GPIO_ReadInputData
                0x00000000        0x8 ..\obj\stm32f10x_gpio.o
 .text.GPIO_ReadOutputDataBit
                0x00000000        0xc ..\obj\stm32f10x_gpio.o
 .text.GPIO_ReadOutputData
                0x00000000        0x8 ..\obj\stm32f10x_gpio.o
 .text.GPIO_SetBits
                0x00000000        0x4 ..\obj\stm32f10x_gpio.o
 .text.GPIO_ResetBits
                0x00000000        0x4 ..\obj\stm32f10x_gpio.o
 .text.GPIO_WriteBit
                0x00000000        0xc ..\obj\stm32f10x_gpio.o
 .text.GPIO_Write
                0x00000000        0x4 ..\obj\stm32f10x_gpio.o
 .text.GPIO_PinLockConfig
                0x00000000       0x10 ..\obj\stm32f10x_gpio.o
 .text.GPIO_EventOutputConfig
                0x00000000       0x1c ..\obj\stm32f10x_gpio.o
 .text.GPIO_EventOutputCmd
                0x00000000        0xc ..\obj\stm32f10x_gpio.o
 .text.GPIO_EXTILineConfig
                0x00000000       0x30 ..\obj\stm32f10x_gpio.o
 .text.GPIO_ETH_MediaInterfaceConfig
                0x00000000        0xc ..\obj\stm32f10x_gpio.o
 .text          0x00000000        0x0 ..\obj\main.o
 .data          0x00000000        0x0 ..\obj\main.o
 .text.__delay_ms
                0x00000000       0x20 ..\obj\main.o
 .text          0x00000000        0x0 ..\obj\font.o
 .data          0x00000000        0x0 ..\obj\font.o
 .bss           0x00000000        0x0 ..\obj\font.o
 .text          0x00000000        0x0 ..\obj\stm32f10x_rcc.o
 .bss           0x00000000        0x0 ..\obj\stm32f10x_rcc.o
 .text.RCC_AdjustHSICalibrationValue
                0x00000000       0x14 ..\obj\stm32f10x_rcc.o
 .text.RCC_USBCLKConfig
                0x00000000        0xc ..\obj\stm32f10x_rcc.o
 .text.RCC_ADCCLKConfig
                0x00000000       0x14 ..\obj\stm32f10x_rcc.o
 .text.RCC_LSICmd
                0x00000000        0xc ..\obj\stm32f10x_rcc.o
 .text.RCC_ClockSecuritySystemCmd
                0x00000000        0xc ..\obj\stm32f10x_rcc.o
 .text.RCC_MCOConfig
                0x00000000        0xc ..\obj\stm32f10x_rcc.o
 .text.RCC_WaitForHSEStartUp
                0x00000000       0x34 ..\obj\stm32f10x_rcc.o
 .text.RCC_ClearFlag
                0x00000000       0x10 ..\obj\stm32f10x_rcc.o
 .text          0x00000000        0x0 ..\obj\stm32f10x_exti.o
 .data          0x00000000        0x0 ..\obj\stm32f10x_exti.o
 .bss           0x00000000        0x0 ..\obj\stm32f10x_exti.o
 .text.EXTI_DeInit
                0x00000000       0x1c ..\obj\stm32f10x_exti.o
 .text.EXTI_Init
                0x00000000       0x90 ..\obj\stm32f10x_exti.o
 .text.EXTI_StructInit
                0x00000000       0x10 ..\obj\stm32f10x_exti.o
 .text.EXTI_GenerateSWInterrupt
                0x00000000       0x10 ..\obj\stm32f10x_exti.o
 .text.EXTI_GetFlagStatus
                0x00000000       0x14 ..\obj\stm32f10x_exti.o
 .text.EXTI_ClearFlag
                0x00000000        0xc ..\obj\stm32f10x_exti.o
 .text.EXTI_GetITStatus
                0x00000000       0x1c ..\obj\stm32f10x_exti.o
 .text.EXTI_ClearITPendingBit
                0x00000000        0xc ..\obj\stm32f10x_exti.o
 .debug_info    0x00000000      0x344 ..\obj\stm32f10x_exti.o
 .debug_abbrev  0x00000000      0x160 ..\obj\stm32f10x_exti.o
 .debug_loc     0x00000000      0x1d4 ..\obj\stm32f10x_exti.o
 .debug_aranges
                0x00000000       0x58 ..\obj\stm32f10x_exti.o
 .debug_ranges  0x00000000       0x48 ..\obj\stm32f10x_exti.o
 .debug_line    0x00000000      0x236 ..\obj\stm32f10x_exti.o
 .debug_str     0x00000000      0x354 ..\obj\stm32f10x_exti.o
 .comment       0x00000000       0x71 ..\obj\stm32f10x_exti.o
 .ARM.attributes
                0x00000000       0x33 ..\obj\stm32f10x_exti.o
 .debug_frame   0x00000000       0x98 ..\obj\stm32f10x_exti.o
 .text          0x00000000        0x0 ..\obj\stm32f10x_adc.o
 .data          0x00000000        0x0 ..\obj\stm32f10x_adc.o
 .bss           0x00000000        0x0 ..\obj\stm32f10x_adc.o
 .text.ADC_DeInit
                0x00000000       0x64 ..\obj\stm32f10x_adc.o
 .text.ADC_Init
                0x00000000       0x4c ..\obj\stm32f10x_adc.o
 .text.ADC_StructInit
                0x00000000       0x14 ..\obj\stm32f10x_adc.o
 .text.ADC_Cmd  0x00000000       0x18 ..\obj\stm32f10x_adc.o
 .text.ADC_DMACmd
                0x00000000       0x18 ..\obj\stm32f10x_adc.o
 .text.ADC_ITConfig
                0x00000000       0x18 ..\obj\stm32f10x_adc.o
 .text.ADC_ResetCalibration
                0x00000000        0xc ..\obj\stm32f10x_adc.o
 .text.ADC_GetResetCalibrationStatus
                0x00000000        0x8 ..\obj\stm32f10x_adc.o
 .text.ADC_StartCalibration
                0x00000000        0xc ..\obj\stm32f10x_adc.o
 .text.ADC_GetCalibrationStatus
                0x00000000        0x8 ..\obj\stm32f10x_adc.o
 .text.ADC_SoftwareStartConvCmd
                0x00000000       0x18 ..\obj\stm32f10x_adc.o
 .text.ADC_GetSoftwareStartConvStatus
                0x00000000        0x8 ..\obj\stm32f10x_adc.o
 .text.ADC_DiscModeChannelCountConfig
                0x00000000       0x10 ..\obj\stm32f10x_adc.o
 .text.ADC_DiscModeCmd
                0x00000000       0x18 ..\obj\stm32f10x_adc.o
 .text.ADC_RegularChannelConfig
                0x00000000       0x94 ..\obj\stm32f10x_adc.o
 .text.ADC_ExternalTrigConvCmd
                0x00000000       0x18 ..\obj\stm32f10x_adc.o
 .text.ADC_GetConversionValue
                0x00000000        0x8 ..\obj\stm32f10x_adc.o
 .text.ADC_GetDualModeConversionValue
                0x00000000        0xc ..\obj\stm32f10x_adc.o
 .text.ADC_AutoInjectedConvCmd
                0x00000000       0x18 ..\obj\stm32f10x_adc.o
 .text.ADC_InjectedDiscModeCmd
                0x00000000       0x18 ..\obj\stm32f10x_adc.o
 .text.ADC_ExternalTrigInjectedConvConfig
                0x00000000        0xc ..\obj\stm32f10x_adc.o
 .text.ADC_ExternalTrigInjectedConvCmd
                0x00000000       0x18 ..\obj\stm32f10x_adc.o
 .text.ADC_SoftwareStartInjectedConvCmd
                0x00000000       0x18 ..\obj\stm32f10x_adc.o
 .text.ADC_GetSoftwareStartInjectedConvCmdStatus
                0x00000000        0x8 ..\obj\stm32f10x_adc.o
 .text.ADC_InjectedChannelConfig
                0x00000000       0x60 ..\obj\stm32f10x_adc.o
 .text.ADC_InjectedSequencerLengthConfig
                0x00000000       0x10 ..\obj\stm32f10x_adc.o
 .text.ADC_SetInjectedOffset
                0x00000000       0x18 ..\obj\stm32f10x_adc.o
 .text.ADC_GetInjectedConversionValue
                0x00000000       0x1c ..\obj\stm32f10x_adc.o
 .text.ADC_AnalogWatchdogCmd
                0x00000000       0x10 ..\obj\stm32f10x_adc.o
 .text.ADC_AnalogWatchdogThresholdsConfig
                0x00000000        0x8 ..\obj\stm32f10x_adc.o
 .text.ADC_AnalogWatchdogSingleChannelConfig
                0x00000000        0xc ..\obj\stm32f10x_adc.o
 .text.ADC_TempSensorVrefintCmd
                0x00000000       0x20 ..\obj\stm32f10x_adc.o
 .text.ADC_GetFlagStatus
                0x00000000        0xc ..\obj\stm32f10x_adc.o
 .text.ADC_ClearFlag
                0x00000000        0x8 ..\obj\stm32f10x_adc.o
 .text.ADC_GetITStatus
                0x00000000       0x1c ..\obj\stm32f10x_adc.o
 .text.ADC_ClearITPendingBit
                0x00000000        0x8 ..\obj\stm32f10x_adc.o
 .debug_info    0x00000000      0xc26 ..\obj\stm32f10x_adc.o
 .debug_abbrev  0x00000000      0x1d8 ..\obj\stm32f10x_adc.o
 .debug_loc     0x00000000      0xaea ..\obj\stm32f10x_adc.o
 .debug_aranges
                0x00000000      0x138 ..\obj\stm32f10x_adc.o
 .debug_ranges  0x00000000      0x128 ..\obj\stm32f10x_adc.o
 .debug_line    0x00000000      0x4a5 ..\obj\stm32f10x_adc.o
 .debug_str     0x00000000      0x71d ..\obj\stm32f10x_adc.o
 .comment       0x00000000       0x71 ..\obj\stm32f10x_adc.o
 .ARM.attributes
                0x00000000       0x33 ..\obj\stm32f10x_adc.o
 .debug_frame   0x00000000      0x280 ..\obj\stm32f10x_adc.o
 .text          0x00000000        0x0 ..\obj\draw.o
 .data          0x00000000        0x0 ..\obj\draw.o
 .bss           0x00000000        0x0 ..\obj\draw.o
 .text.DisplayTextEnable
                0x00000000       0x14 ..\obj\draw.o
 .text.DisplayObjectEnable
                0x00000000       0x10 ..\obj\draw.o
 .text          0x00000000        0x0 ..\obj\stm32f10x_usart.o
 .data          0x00000000        0x0 ..\obj\stm32f10x_usart.o
 .bss           0x00000000        0x0 ..\obj\stm32f10x_usart.o
 .text.USART_DeInit
                0x00000000       0xa4 ..\obj\stm32f10x_usart.o
 .text.USART_StructInit
                0x00000000       0x18 ..\obj\stm32f10x_usart.o
 .text.USART_ClockInit
                0x00000000       0x24 ..\obj\stm32f10x_usart.o
 .text.USART_ClockStructInit
                0x00000000        0xc ..\obj\stm32f10x_usart.o
 .text.USART_ITConfig
                0x00000000       0x38 ..\obj\stm32f10x_usart.o
 .text.USART_DMACmd
                0x00000000       0x18 ..\obj\stm32f10x_usart.o
 .text.USART_SetAddress
                0x00000000       0x18 ..\obj\stm32f10x_usart.o
 .text.USART_WakeUpConfig
                0x00000000       0x18 ..\obj\stm32f10x_usart.o
 .text.USART_ReceiverWakeUpCmd
                0x00000000       0x1c ..\obj\stm32f10x_usart.o
 .text.USART_LINBreakDetectLengthConfig
                0x00000000       0x18 ..\obj\stm32f10x_usart.o
 .text.USART_LINCmd
                0x00000000       0x1c ..\obj\stm32f10x_usart.o
 .text.USART_SendData
                0x00000000        0x8 ..\obj\stm32f10x_usart.o
 .text.USART_ReceiveData
                0x00000000        0x8 ..\obj\stm32f10x_usart.o
 .text.USART_SendBreak
                0x00000000        0xc ..\obj\stm32f10x_usart.o
 .text.USART_SetGuardTime
                0x00000000       0x14 ..\obj\stm32f10x_usart.o
 .text.USART_SetPrescaler
                0x00000000       0x14 ..\obj\stm32f10x_usart.o
 .text.USART_SmartCardCmd
                0x00000000       0x1c ..\obj\stm32f10x_usart.o
 .text.USART_SmartCardNACKCmd
                0x00000000       0x1c ..\obj\stm32f10x_usart.o
 .text.USART_HalfDuplexCmd
                0x00000000       0x1c ..\obj\stm32f10x_usart.o
 .text.USART_OverSampling8Cmd
                0x00000000       0x1c ..\obj\stm32f10x_usart.o
 .text.USART_OneBitMethodCmd
                0x00000000       0x1c ..\obj\stm32f10x_usart.o
 .text.USART_IrDAConfig
                0x00000000       0x18 ..\obj\stm32f10x_usart.o
 .text.USART_IrDACmd
                0x00000000       0x1c ..\obj\stm32f10x_usart.o
 .text.USART_GetFlagStatus
                0x00000000        0xc ..\obj\stm32f10x_usart.o
 .text.USART_ClearFlag
                0x00000000        0x8 ..\obj\stm32f10x_usart.o
 .text.USART_GetITStatus
                0x00000000       0x48 ..\obj\stm32f10x_usart.o
 .text.USART_ClearITPendingBit
                0x00000000       0x10 ..\obj\stm32f10x_usart.o
 .text          0x00000000        0x0 ..\obj\stm32f10x_flash.o
 .data          0x00000000        0x0 ..\obj\stm32f10x_flash.o
 .bss           0x00000000        0x0 ..\obj\stm32f10x_flash.o
 .text.FLASH_HalfCycleAccessCmd
                0x00000000       0x18 ..\obj\stm32f10x_flash.o
 .text.FLASH_Unlock
                0x00000000       0x18 ..\obj\stm32f10x_flash.o
 .text.FLASH_UnlockBank1
                0x00000000       0x18 ..\obj\stm32f10x_flash.o
 .text.FLASH_Lock
                0x00000000       0x10 ..\obj\stm32f10x_flash.o
 .text.FLASH_LockBank1
                0x00000000       0x10 ..\obj\stm32f10x_flash.o
 .text.FLASH_GetUserOptionByte
                0x00000000        0xc ..\obj\stm32f10x_flash.o
 .text.FLASH_GetWriteProtectionOptionByte
                0x00000000        0xc ..\obj\stm32f10x_flash.o
 .text.FLASH_GetReadOutProtectionStatus
                0x00000000       0x10 ..\obj\stm32f10x_flash.o
 .text.FLASH_GetPrefetchBufferStatus
                0x00000000       0x10 ..\obj\stm32f10x_flash.o
 .text.FLASH_ITConfig
                0x00000000       0x1c ..\obj\stm32f10x_flash.o
 .text.FLASH_GetFlagStatus
                0x00000000       0x20 ..\obj\stm32f10x_flash.o
 .text.FLASH_ClearFlag
                0x00000000        0xc ..\obj\stm32f10x_flash.o
 .text.FLASH_GetStatus
                0x00000000       0x34 ..\obj\stm32f10x_flash.o
 .text.FLASH_GetBank1Status
                0x00000000       0x34 ..\obj\stm32f10x_flash.o
 .text.FLASH_WaitForLastOperation
                0x00000000       0x24 ..\obj\stm32f10x_flash.o
 .text.FLASH_ErasePage
                0x00000000       0x40 ..\obj\stm32f10x_flash.o
 .text.FLASH_EraseAllPages
                0x00000000       0x3c ..\obj\stm32f10x_flash.o
 .text.FLASH_EraseOptionBytes
                0x00000000       0x98 ..\obj\stm32f10x_flash.o
 .text.FLASH_ProgramWord
                0x00000000       0x6c ..\obj\stm32f10x_flash.o
 .text.FLASH_ProgramHalfWord
                0x00000000       0x38 ..\obj\stm32f10x_flash.o
 .text.FLASH_ProgramOptionByteData
                0x00000000       0x4c ..\obj\stm32f10x_flash.o
 .text.FLASH_EnableWriteProtection
                0x00000000       0xb0 ..\obj\stm32f10x_flash.o
 .text.FLASH_ReadOutProtection
                0x00000000       0x9c ..\obj\stm32f10x_flash.o
 .text.FLASH_UserOptionByteConfig
                0x00000000       0x60 ..\obj\stm32f10x_flash.o
 .text.FLASH_WaitForLastBank1Operation
                0x00000000       0x24 ..\obj\stm32f10x_flash.o
 .text.FLASH_EraseAllBank1Pages
                0x00000000       0x3c ..\obj\stm32f10x_flash.o
 .text          0x00000000        0x0 ..\obj\display_HAL.o
 .data          0x00000000        0x0 ..\obj\display_HAL.o
 .text.ColOn    0x00000000       0x14 ..\obj\display_HAL.o
 .text.ColDisplay
                0x00000000       0x64 ..\obj\display_HAL.o
 .text          0x00000000        0x0 ..\obj\TxRx.o
 .text.TxAddMessage
                0x00000000       0x54 ..\obj\TxRx.o
 .rodata        0x00000000        0x8 ..\obj\TxRx.o
 .text          0x00000000        0x0 ..\obj\debug.o
 .data          0x00000000        0x0 ..\obj\debug.o
 .bss           0x00000000        0x0 ..\obj\debug.o
 .text.DebugSendString
                0x00000000       0x48 ..\obj\debug.o
 .text.DebugSendChar
                0x00000000       0x24 ..\obj\debug.o
 .text          0x00000000        0x0 ..\obj\stm32f10x_dma.o
 .data          0x00000000        0x0 ..\obj\stm32f10x_dma.o
 .bss           0x00000000        0x0 ..\obj\stm32f10x_dma.o
 .text.DMA_StructInit
                0x00000000       0x1c ..\obj\stm32f10x_dma.o
 .text.DMA_ITConfig
                0x00000000       0x14 ..\obj\stm32f10x_dma.o
 .text.DMA_GetCurrDataCounter
                0x00000000        0x8 ..\obj\stm32f10x_dma.o
 .text.DMA_GetFlagStatus
                0x00000000       0x20 ..\obj\stm32f10x_dma.o
 .text.DMA_ClearFlag
                0x00000000       0x18 ..\obj\stm32f10x_dma.o
 .text.DMA_GetITStatus
                0x00000000       0x20 ..\obj\stm32f10x_dma.o
 .text.DMA_ClearITPendingBit
                0x00000000       0x18 ..\obj\stm32f10x_dma.o
 .text          0x00000000        0x0 ..\obj\misc.o
 .data          0x00000000        0x0 ..\obj\misc.o
 .bss           0x00000000        0x0 ..\obj\misc.o
 .text.NVIC_SetVectorTable
                0x00000000       0x14 ..\obj\misc.o
 .text.NVIC_SystemLPConfig
                0x00000000       0x1c ..\obj\misc.o
 .text.SysTick_CLKSourceConfig
                0x00000000       0x18 ..\obj\misc.o
 .text          0x00000000        0x0 ..\obj\stm32f10x_spi.o
 .data          0x00000000        0x0 ..\obj\stm32f10x_spi.o
 .bss           0x00000000        0x0 ..\obj\stm32f10x_spi.o
 .text.I2S_Init
                0x00000000       0xb8 ..\obj\stm32f10x_spi.o
 .text.SPI_StructInit
                0x00000000       0x18 ..\obj\stm32f10x_spi.o
 .text.I2S_StructInit
                0x00000000       0x14 ..\obj\stm32f10x_spi.o
 .text.I2S_Cmd  0x00000000       0x1c ..\obj\stm32f10x_spi.o
 .text.SPI_I2S_ITConfig
                0x00000000       0x20 ..\obj\stm32f10x_spi.o
 .text.SPI_I2S_SendData
                0x00000000        0x4 ..\obj\stm32f10x_spi.o
 .text.SPI_I2S_ReceiveData
                0x00000000        0x8 ..\obj\stm32f10x_spi.o
 .text.SPI_NSSInternalSoftwareConfig
                0x00000000       0x24 ..\obj\stm32f10x_spi.o
 .text.SPI_SSOutputCmd
                0x00000000       0x1c ..\obj\stm32f10x_spi.o
 .text.SPI_DataSizeConfig
                0x00000000       0x18 ..\obj\stm32f10x_spi.o
 .text.SPI_TransmitCRC
                0x00000000        0xc ..\obj\stm32f10x_spi.o
 .text.SPI_CalculateCRC
                0x00000000       0x1c ..\obj\stm32f10x_spi.o
 .text.SPI_GetCRC
                0x00000000        0xc ..\obj\stm32f10x_spi.o
 .text.SPI_GetCRCPolynomial
                0x00000000        0x8 ..\obj\stm32f10x_spi.o
 .text.SPI_BiDirectionalLineConfig
                0x00000000       0x20 ..\obj\stm32f10x_spi.o
 .text.SPI_I2S_GetFlagStatus
                0x00000000        0xc ..\obj\stm32f10x_spi.o
 .text.SPI_I2S_ClearFlag
                0x00000000        0x8 ..\obj\stm32f10x_spi.o
 .text.SPI_I2S_GetITStatus
                0x00000000       0x30 ..\obj\stm32f10x_spi.o
 .text.SPI_I2S_ClearITPendingBit
                0x00000000       0x10 ..\obj\stm32f10x_spi.o
 .text          0x00000000        0x0 ..\obj\stm32f10x_iwdg.o
 .data          0x00000000        0x0 ..\obj\stm32f10x_iwdg.o
 .bss           0x00000000        0x0 ..\obj\stm32f10x_iwdg.o
 .text.IWDG_GetFlagStatus
                0x00000000       0x14 ..\obj\stm32f10x_iwdg.o
 .data          0x00000000        0x0 c:/program files/arm/bin/../lib/gcc/arm-none-eabi/4.8.4/armv7-m\libgcc.a(_arm_addsubdf3.o)
 .bss           0x00000000        0x0 c:/program files/arm/bin/../lib/gcc/arm-none-eabi/4.8.4/armv7-m\libgcc.a(_arm_addsubdf3.o)
 .data          0x00000000        0x0 c:/program files/arm/bin/../lib/gcc/arm-none-eabi/4.8.4/armv7-m\libgcc.a(_arm_muldivdf3.o)
 .bss           0x00000000        0x0 c:/program files/arm/bin/../lib/gcc/arm-none-eabi/4.8.4/armv7-m\libgcc.a(_arm_muldivdf3.o)
 .data          0x00000000        0x0 c:/program files/arm/bin/../lib/gcc/arm-none-eabi/4.8.4/armv7-m\libgcc.a(_arm_truncdfsf2.o)
 .bss           0x00000000        0x0 c:/program files/arm/bin/../lib/gcc/arm-none-eabi/4.8.4/armv7-m\libgcc.a(_arm_truncdfsf2.o)
 .data          0x00000000        0x0 c:/program files/arm/bin/../lib/gcc/arm-none-eabi/4.8.4/armv7-m\libgcc.a(_arm_addsubsf3.o)
 .bss           0x00000000        0x0 c:/program files/arm/bin/../lib/gcc/arm-none-eabi/4.8.4/armv7-m\libgcc.a(_arm_addsubsf3.o)
 .data          0x00000000        0x0 c:/program files/arm/bin/../lib/gcc/arm-none-eabi/4.8.4/armv7-m\libgcc.a(_arm_muldivsf3.o)
 .bss           0x00000000        0x0 c:/program files/arm/bin/../lib/gcc/arm-none-eabi/4.8.4/armv7-m\libgcc.a(_arm_muldivsf3.o)
 .data          0x00000000        0x0 c:/program files/arm/bin/../lib/gcc/arm-none-eabi/4.8.4/armv7-m\libgcc.a(_arm_cmpsf2.o)
 .bss           0x00000000        0x0 c:/program files/arm/bin/../lib/gcc/arm-none-eabi/4.8.4/armv7-m\libgcc.a(_arm_cmpsf2.o)
 .data          0x00000000        0x0 c:/program files/arm/bin/../lib/gcc/arm-none-eabi/4.8.4/armv7-m\libgcc.a(_arm_fixsfsi.o)
 .bss           0x00000000        0x0 c:/program files/arm/bin/../lib/gcc/arm-none-eabi/4.8.4/armv7-m\libgcc.a(_arm_fixsfsi.o)

Memory Configuration

Name             Origin             Length             Attributes
rom              0x08000000         0x00010000         xr
ram              0x20000000         0x00005000         xrw
*default*        0x00000000         0xffffffff

Linker script and memory map

                0x20005000                _eram = 0x20005000

.text           0x08000000     0x4814
 *(.isr_vector)
 .isr_vector    0x08000000      0x10c ..\obj\startup_stm32f10x_md.o
                0x08000000                g_pfnVectors
 *(.text*)
 .text.RTC_EnterConfigMode
                0x0800010c       0x14 ..\obj\stm32f10x_rtc.o
                0x0800010c                RTC_EnterConfigMode
 .text.RTC_ExitConfigMode
                0x08000120       0x14 ..\obj\stm32f10x_rtc.o
                0x08000120                RTC_ExitConfigMode
 .text.RTC_GetCounter
                0x08000134       0x14 ..\obj\stm32f10x_rtc.o
                0x08000134                RTC_GetCounter
 .text.RTC_SetCounter
                0x08000148       0x1c ..\obj\stm32f10x_rtc.o
                0x08000148                RTC_SetCounter
 .text.RTC_SetPrescaler
                0x08000164       0x20 ..\obj\stm32f10x_rtc.o
                0x08000164                RTC_SetPrescaler
 .text.RTC_WaitForSynchro
                0x08000184       0x20 ..\obj\stm32f10x_rtc.o
                0x08000184                RTC_WaitForSynchro
 .text.strlen   0x080001a4       0x18 ..\obj\string.o
                0x080001a4                strlen
 .text.log10_   0x080001bc       0x8c ..\obj\string.o
                0x080001bc                log10_
 .text.pow_     0x08000248       0x58 ..\obj\string.o
                0x08000248                pow_
 .text.ftoa_    0x080002a0      0x130 ..\obj\string.o
                0x080002a0                ftoa_
 .text.reverse  0x080003d0       0x24 ..\obj\string.o
                0x080003d0                reverse
 .text.itoa_    0x080003f4       0x4c ..\obj\string.o
                0x080003f4                itoa_
 .text.strcat_  0x08000440       0x2c ..\obj\string.o
                0x08000440                strcat_
 .text.TI1_Config
                0x0800046c       0x70 ..\obj\stm32f10x_tim.o
 .text.TI2_Config
                0x080004dc       0x78 ..\obj\stm32f10x_tim.o
 .text.TIM_TimeBaseInit
                0x08000554       0xa0 ..\obj\stm32f10x_tim.o
                0x08000554                TIM_TimeBaseInit
 .text.TIM_OC3Init
                0x080005f4       0x84 ..\obj\stm32f10x_tim.o
                0x080005f4                TIM_OC3Init
 .text.TIM_Cmd  0x08000678       0x1c ..\obj\stm32f10x_tim.o
                0x08000678                TIM_Cmd
 .text.TIM_ITConfig
                0x08000694       0x18 ..\obj\stm32f10x_tim.o
                0x08000694                TIM_ITConfig
 .text.TIM_SelectInputTrigger
                0x080006ac       0x10 ..\obj\stm32f10x_tim.o
                0x080006ac                TIM_SelectInputTrigger
 .text.TIM_OC3PreloadConfig
                0x080006bc       0x10 ..\obj\stm32f10x_tim.o
                0x080006bc                TIM_OC3PreloadConfig
 .text.TIM_SelectSlaveMode
                0x080006cc       0x18 ..\obj\stm32f10x_tim.o
                0x080006cc                TIM_SelectSlaveMode
 .text.TIM_SetIC1Prescaler
                0x080006e4       0x18 ..\obj\stm32f10x_tim.o
                0x080006e4                TIM_SetIC1Prescaler
 .text.TIM_SetIC2Prescaler
                0x080006fc       0x1c ..\obj\stm32f10x_tim.o
                0x080006fc                TIM_SetIC2Prescaler
 .text.TIM_SetIC3Prescaler
                0x08000718       0x18 ..\obj\stm32f10x_tim.o
                0x08000718                TIM_SetIC3Prescaler
 .text.TIM_SetIC4Prescaler
                0x08000730       0x1c ..\obj\stm32f10x_tim.o
                0x08000730                TIM_SetIC4Prescaler
 .text.TIM_ICInit
                0x0800074c      0x13c ..\obj\stm32f10x_tim.o
                0x0800074c                TIM_ICInit
 .text.TIM_GetCapture2
                0x08000888        0x8 ..\obj\stm32f10x_tim.o
                0x08000888                TIM_GetCapture2
 .text.TIM_GetITStatus
                0x08000890       0x18 ..\obj\stm32f10x_tim.o
                0x08000890                TIM_GetITStatus
 .text.TIM_ClearITPendingBit
                0x080008a8        0x8 ..\obj\stm32f10x_tim.o
                0x080008a8                TIM_ClearITPendingBit
 .text.UI_MakeMenuString
                0x080008b0      0x108 ..\obj\UI.o
                0x080008b0                UI_MakeMenuString
 .text.UI_Dispatcher
                0x080009b8      0x874 ..\obj\UI.o
                0x080009b8                UI_Dispatcher
 .text.UI_NewMenuMode
                0x0800122c      0x184 ..\obj\UI.o
                0x0800122c                UI_NewMenuMode
 .text.UI_Init  0x080013b0       0x44 ..\obj\UI.o
                0x080013b0                UI_Init
 .text.UI_NewParameter
                0x080013f4       0x48 ..\obj\UI.o
                0x080013f4                UI_NewParameter
 .text.MakeSettFromNumber
                0x0800143c       0xb4 ..\obj\UI.o
                0x0800143c                MakeSettFromNumber
 .text.SystemInit
                0x080014f0       0x4c ..\obj\system_stm32f10x.o
                0x080014f0                SystemInit
 .text.Default_Handler
                0x0800153c        0x4 ..\obj\startup_stm32f10x_md.o
                0x0800153c                EXTI2_IRQHandler
                0x0800153c                DebugMon_Handler
                0x0800153c                TIM1_CC_IRQHandler
                0x0800153c                HardFault_Handler
                0x0800153c                PVD_IRQHandler
                0x0800153c                PendSV_Handler
                0x0800153c                NMI_Handler
                0x0800153c                EXTI3_IRQHandler
                0x0800153c                EXTI0_IRQHandler
                0x0800153c                I2C2_EV_IRQHandler
                0x0800153c                UsageFault_Handler
                0x0800153c                ADC1_2_IRQHandler
                0x0800153c                SPI1_IRQHandler
                0x0800153c                TAMPER_IRQHandler
                0x0800153c                DMA1_Channel4_IRQHandler
                0x0800153c                USART3_IRQHandler
                0x0800153c                RTC_IRQHandler
                0x0800153c                DMA1_Channel7_IRQHandler
                0x0800153c                CAN1_RX1_IRQHandler
                0x0800153c                I2C1_EV_IRQHandler
                0x0800153c                DMA1_Channel6_IRQHandler
                0x0800153c                TIM1_TRG_COM_IRQHandler
                0x0800153c                DMA1_Channel1_IRQHandler
                0x0800153c                EXTI15_10_IRQHandler
                0x0800153c                EXTI9_5_IRQHandler
                0x0800153c                SPI2_IRQHandler
                0x0800153c                MemManage_Handler
                0x0800153c                SVC_Handler
                0x0800153c                DMA1_Channel5_IRQHandler
                0x0800153c                EXTI4_IRQHandler
                0x0800153c                USB_LP_CAN1_RX0_IRQHandler
                0x0800153c                USB_HP_CAN1_TX_IRQHandler
                0x0800153c                DMA1_Channel3_IRQHandler
                0x0800153c                WWDG_IRQHandler
                0x0800153c                TIM2_IRQHandler
                0x0800153c                TIM1_BRK_IRQHandler
                0x0800153c                EXTI1_IRQHandler
                0x0800153c                RTCAlarm_IRQHandler
                0x0800153c                USART2_IRQHandler
                0x0800153c                I2C2_ER_IRQHandler
                0x0800153c                DMA1_Channel2_IRQHandler
                0x0800153c                CAN1_SCE_IRQHandler
                0x0800153c                FLASH_IRQHandler
                0x0800153c                BusFault_Handler
                0x0800153c                USART1_IRQHandler
                0x0800153c                I2C1_ER_IRQHandler
                0x0800153c                USBWakeUp_IRQHandler
 .text.Default_Reset_Handler
                0x08001540       0x5c ..\obj\startup_stm32f10x_md.o
                0x08001540                Default_Reset_Handler
                0x08001540                Reset_Handler
 .text.RTC_CntToTimeDate
                0x0800159c      0x100 ..\obj\timework.o
                0x0800159c                RTC_CntToTimeDate
 .text.TimeToString
                0x0800169c       0x78 ..\obj\timework.o
                0x0800169c                TimeToString
 .text.DateToString
                0x08001714       0xac ..\obj\timework.o
                0x08001714                DateToString
 .text.GPIO_Init
                0x080017c0       0xa4 ..\obj\stm32f10x_gpio.o
                0x080017c0                GPIO_Init
 .text.GPIO_PinRemapConfig
                0x08001864       0x70 ..\obj\stm32f10x_gpio.o
                0x08001864                GPIO_PinRemapConfig
 .text.SysTick_Handler
                0x080018d4       0xa4 ..\obj\main.o
                0x080018d4                SysTick_Handler
 .text.Init     0x08001978      0x404 ..\obj\main.o
                0x08001978                Init
 .text.RCC_IRQHandler
                0x08001d7c       0x2c ..\obj\main.o
                0x08001d7c                RCC_IRQHandler
 .text.TIM3_IRQHandler
                0x08001da8      0x10c ..\obj\main.o
                0x08001da8                TIM3_IRQHandler
 .text.TIM4_IRQHandler
                0x08001eb4       0xa0 ..\obj\main.o
                0x08001eb4                TIM4_IRQHandler
 .text.TIM1_UP_IRQHandler
                0x08001f54       0x44 ..\obj\main.o
                0x08001f54                TIM1_UP_IRQHandler
 .text.Dispatcher
                0x08001f98       0xf4 ..\obj\main.o
                0x08001f98                Dispatcher
 .text.main     0x0800208c       0x30 ..\obj\main.o
                0x0800208c                main
 .text.RCC_DeInit
                0x080020bc       0x40 ..\obj\stm32f10x_rcc.o
                0x080020bc                RCC_DeInit
 .text.RCC_HSEConfig
                0x080020fc       0x3c ..\obj\stm32f10x_rcc.o
                0x080020fc                RCC_HSEConfig
 .text.RCC_HSICmd
                0x08002138        0xc ..\obj\stm32f10x_rcc.o
                0x08002138                RCC_HSICmd
 .text.RCC_PLLConfig
                0x08002144       0x14 ..\obj\stm32f10x_rcc.o
                0x08002144                RCC_PLLConfig
 .text.RCC_PLLCmd
                0x08002158        0xc ..\obj\stm32f10x_rcc.o
                0x08002158                RCC_PLLCmd
 .text.RCC_SYSCLKConfig
                0x08002164       0x14 ..\obj\stm32f10x_rcc.o
                0x08002164                RCC_SYSCLKConfig
 .text.RCC_GetSYSCLKSource
                0x08002178       0x10 ..\obj\stm32f10x_rcc.o
                0x08002178                RCC_GetSYSCLKSource
 .text.RCC_HCLKConfig
                0x08002188       0x14 ..\obj\stm32f10x_rcc.o
                0x08002188                RCC_HCLKConfig
 .text.RCC_PCLK1Config
                0x0800219c       0x14 ..\obj\stm32f10x_rcc.o
                0x0800219c                RCC_PCLK1Config
 .text.RCC_PCLK2Config
                0x080021b0       0x14 ..\obj\stm32f10x_rcc.o
                0x080021b0                RCC_PCLK2Config
 .text.RCC_ITConfig
                0x080021c4       0x1c ..\obj\stm32f10x_rcc.o
                0x080021c4                RCC_ITConfig
 .text.RCC_LSEConfig
                0x080021e0       0x28 ..\obj\stm32f10x_rcc.o
                0x080021e0                RCC_LSEConfig
 .text.RCC_RTCCLKConfig
                0x08002208       0x10 ..\obj\stm32f10x_rcc.o
                0x08002208                RCC_RTCCLKConfig
 .text.RCC_RTCCLKCmd
                0x08002218        0xc ..\obj\stm32f10x_rcc.o
                0x08002218                RCC_RTCCLKCmd
 .text.RCC_GetClocksFreq
                0x08002224       0xb4 ..\obj\stm32f10x_rcc.o
                0x08002224                RCC_GetClocksFreq
 .text.RCC_AHBPeriphClockCmd
                0x080022d8       0x1c ..\obj\stm32f10x_rcc.o
                0x080022d8                RCC_AHBPeriphClockCmd
 .text.RCC_APB2PeriphClockCmd
                0x080022f4       0x1c ..\obj\stm32f10x_rcc.o
                0x080022f4                RCC_APB2PeriphClockCmd
 .text.RCC_APB1PeriphClockCmd
                0x08002310       0x1c ..\obj\stm32f10x_rcc.o
                0x08002310                RCC_APB1PeriphClockCmd
 .text.RCC_APB2PeriphResetCmd
                0x0800232c       0x1c ..\obj\stm32f10x_rcc.o
                0x0800232c                RCC_APB2PeriphResetCmd
 .text.RCC_APB1PeriphResetCmd
                0x08002348       0x1c ..\obj\stm32f10x_rcc.o
                0x08002348                RCC_APB1PeriphResetCmd
 .text.RCC_BackupResetCmd
                0x08002364        0xc ..\obj\stm32f10x_rcc.o
                0x08002364                RCC_BackupResetCmd
 .text.RCC_GetFlagStatus
                0x08002370       0x28 ..\obj\stm32f10x_rcc.o
                0x08002370                RCC_GetFlagStatus
 .text.RCC_GetITStatus
                0x08002398       0x14 ..\obj\stm32f10x_rcc.o
                0x08002398                RCC_GetITStatus
 .text.RCC_ClearITPendingBit
                0x080023ac        0xc ..\obj\stm32f10x_rcc.o
                0x080023ac                RCC_ClearITPendingBit
 .text.DisplayTextAdd
                0x080023b8       0xe8 ..\obj\draw.o
                0x080023b8                DisplayTextAdd
 .text.DisplayTextModifyPos
                0x080024a0       0x50 ..\obj\draw.o
                0x080024a0                DisplayTextModifyPos
 .text.DisplayTextDisable
                0x080024f0       0x14 ..\obj\draw.o
                0x080024f0                DisplayTextDisable
 .text.ReverseByte
                0x08002504       0x38 ..\obj\draw.o
                0x08002504                ReverseByte
 .text.DisplayTextProcess
                0x0800253c      0x128 ..\obj\draw.o
                0x0800253c                DisplayTextProcess
 .text.DisplayObjectAdd
                0x08002664       0x30 ..\obj\draw.o
                0x08002664                DisplayObjectAdd
 .text.DisplayObjectDisable
                0x08002694       0x10 ..\obj\draw.o
                0x08002694                DisplayObjectDisable
 .text.isInBound
                0x080026a4       0x40 ..\obj\draw.o
                0x080026a4                isInBound
 .text.DisplayObjectProcess
                0x080026e4      0x370 ..\obj\draw.o
                0x080026e4                DisplayObjectProcess
 .text.USART_Init
                0x08002a54       0xc4 ..\obj\stm32f10x_usart.o
                0x08002a54                USART_Init
 .text.USART_Cmd
                0x08002b18       0x1c ..\obj\stm32f10x_usart.o
                0x08002b18                USART_Cmd
 .text.FLASH_SetLatency
                0x08002b34       0x14 ..\obj\stm32f10x_flash.o
                0x08002b34                FLASH_SetLatency
 .text.FLASH_PrefetchBufferCmd
                0x08002b48       0x18 ..\obj\stm32f10x_flash.o
                0x08002b48                FLASH_PrefetchBufferCmd
 .text.HALDisplayInit
                0x08002b60       0xa4 ..\obj\display_HAL.o
                0x08002b60                HALDisplayInit
 .text.ColOff   0x08002c04       0x14 ..\obj\display_HAL.o
                0x08002c04                ColOff
 .text.ColDisplayLayer
                0x08002c18       0x60 ..\obj\display_HAL.o
                0x08002c18                ColDisplayLayer
 .text.PixelWrite
                0x08002c78      0x254 ..\obj\display_HAL.o
                0x08002c78                PixelWrite
 .text.TX_Process
                0x08002ecc       0x58 ..\obj\TxRx.o
                0x08002ecc                TX_Process
 .text.RX_Dispatcher
                0x08002f24      0x128 ..\obj\TxRx.o
                0x08002f24                RX_Dispatcher
 .text.DebugInit
                0x0800304c       0x68 ..\obj\debug.o
                0x0800304c                DebugInit
 .text.DMA_DeInit
                0x080030b4      0x120 ..\obj\stm32f10x_dma.o
                0x080030b4                DMA_DeInit
 .text.DMA_Init
                0x080031d4       0x40 ..\obj\stm32f10x_dma.o
                0x080031d4                DMA_Init
 .text.DMA_Cmd  0x08003214       0x1c ..\obj\stm32f10x_dma.o
                0x08003214                DMA_Cmd
 .text.DMA_SetCurrDataCounter
                0x08003230        0x4 ..\obj\stm32f10x_dma.o
                0x08003230                DMA_SetCurrDataCounter
 .text.NVIC_PriorityGroupConfig
                0x08003234       0x14 ..\obj\misc.o
                0x08003234                NVIC_PriorityGroupConfig
 .text.NVIC_Init
                0x08003248       0x6c ..\obj\misc.o
                0x08003248                NVIC_Init
 .text.SPI_I2S_DeInit
                0x080032b4       0x64 ..\obj\stm32f10x_spi.o
                0x080032b4                SPI_I2S_DeInit
 .text.SPI_Init
                0x08003318       0x44 ..\obj\stm32f10x_spi.o
                0x08003318                SPI_Init
 .text.SPI_Cmd  0x0800335c       0x1c ..\obj\stm32f10x_spi.o
                0x0800335c                SPI_Cmd
 .text.SPI_I2S_DMACmd
                0x08003378       0x18 ..\obj\stm32f10x_spi.o
                0x08003378                SPI_I2S_DMACmd
 .text.IWDG_WriteAccessCmd
                0x08003390        0xc ..\obj\stm32f10x_iwdg.o
                0x08003390                IWDG_WriteAccessCmd
 .text.IWDG_SetPrescaler
                0x0800339c        0xc ..\obj\stm32f10x_iwdg.o
                0x0800339c                IWDG_SetPrescaler
 .text.IWDG_SetReload
                0x080033a8        0xc ..\obj\stm32f10x_iwdg.o
                0x080033a8                IWDG_SetReload
 .text.IWDG_ReloadCounter
                0x080033b4       0x10 ..\obj\stm32f10x_iwdg.o
                0x080033b4                IWDG_ReloadCounter
 .text.IWDG_Enable
                0x080033c4       0x10 ..\obj\stm32f10x_iwdg.o
                0x080033c4                IWDG_Enable
 .text          0x080033d4      0x370 c:/program files/arm/bin/../lib/gcc/arm-none-eabi/4.8.4/armv7-m\libgcc.a(_arm_addsubdf3.o)
                0x080033d4                __aeabi_drsub
                0x080033dc                __aeabi_dsub
                0x080033dc                __subdf3
                0x080033e0                __aeabi_dadd
                0x080033e0                __adddf3
                0x08003658                __floatunsidf
                0x08003658                __aeabi_ui2d
                0x08003678                __floatsidf
                0x08003678                __aeabi_i2d
                0x0800369c                __aeabi_f2d
                0x0800369c                __extendsfdf2
                0x080036d8                __floatundidf
                0x080036d8                __aeabi_ul2d
                0x080036e8                __floatdidf
                0x080036e8                __aeabi_l2d
 .text          0x08003744      0x424 c:/program files/arm/bin/../lib/gcc/arm-none-eabi/4.8.4/armv7-m\libgcc.a(_arm_muldivdf3.o)
                0x08003744                __aeabi_dmul
                0x08003744                __muldf3
                0x08003998                __divdf3
                0x08003998                __aeabi_ddiv
 .text          0x08003b68       0xa0 c:/program files/arm/bin/../lib/gcc/arm-none-eabi/4.8.4/armv7-m\libgcc.a(_arm_truncdfsf2.o)
                0x08003b68                __truncdfsf2
                0x08003b68                __aeabi_d2f
 .text          0x08003c08      0x21c c:/program files/arm/bin/../lib/gcc/arm-none-eabi/4.8.4/armv7-m\libgcc.a(_arm_addsubsf3.o)
                0x08003c08                __aeabi_frsub
                0x08003c10                __subsf3
                0x08003c10                __aeabi_fsub
                0x08003c14                __aeabi_fadd
                0x08003c14                __addsf3
                0x08003d74                __aeabi_ui2f
                0x08003d74                __floatunsisf
                0x08003d7c                __aeabi_i2f
                0x08003d7c                __floatsisf
                0x08003d98                __aeabi_ul2f
                0x08003d98                __floatundisf
                0x08003da8                __aeabi_l2f
                0x08003da8                __floatdisf
 .text          0x08003e24      0x2a0 c:/program files/arm/bin/../lib/gcc/arm-none-eabi/4.8.4/armv7-m\libgcc.a(_arm_muldivsf3.o)
                0x08003e24                __mulsf3
                0x08003e24                __aeabi_fmul
                0x08003f8c                __aeabi_fdiv
                0x08003f8c                __divsf3
 .text          0x080040c4       0xec c:/program files/arm/bin/../lib/gcc/arm-none-eabi/4.8.4/armv7-m\libgcc.a(_arm_cmpsf2.o)
                0x080040c4                __gesf2
                0x080040c4                __gtsf2
                0x080040cc                __lesf2
                0x080040cc                __ltsf2
                0x080040d4                __nesf2
                0x080040d4                __eqsf2
                0x080040d4                __cmpsf2
                0x08004134                __aeabi_cfrcmple
                0x0800413c                __aeabi_cfcmpeq
                0x0800413c                __aeabi_cfcmple
                0x0800414c                __aeabi_fcmpeq
                0x08004160                __aeabi_fcmplt
                0x08004174                __aeabi_fcmple
                0x08004188                __aeabi_fcmpge
                0x0800419c                __aeabi_fcmpgt
 .text          0x080041b0       0x4c c:/program files/arm/bin/../lib/gcc/arm-none-eabi/4.8.4/armv7-m\libgcc.a(_arm_fixsfsi.o)
                0x080041b0                __aeabi_f2iz
                0x080041b0                __fixsfsi
 *(.init)
 *(.fini)
 *crtbegin.o(.ctors)
 *crtbegin?.o(.ctors)
 *(EXCLUDE_FILE(*crtend.o *crtend?.o) .ctors)
 *(SORT(.ctors.*))
 *(.ctors)
 *crtbegin.o(.dtors)
 *crtbegin?.o(.dtors)
 *(EXCLUDE_FILE(*crtend.o *crtend?.o) .dtors)
 *(SORT(.dtors.*))
 *(.dtors)
 *(.rodata*)
 .rodata.str1.4
                0x080041fc       0x10 ..\obj\UI.o
 .rodata        0x0800420c      0x5f8 ..\obj\font.o
                0x0800420c                font5x8
                0x08004620                font3x5
 .rodata        0x08004804       0x10 ..\obj\draw.o
 *(.eh_fram e*)

.glue_7         0x08004814        0x0
 .glue_7        0x00000000        0x0 linker stubs

.glue_7t        0x08004814        0x0
 .glue_7t       0x00000000        0x0 linker stubs

.vfp11_veneer   0x08004814        0x0
 .vfp11_veneer  0x00000000        0x0 linker stubs

.v4_bx          0x08004814        0x0
 .v4_bx         0x00000000        0x0 linker stubs

.iplt           0x08004814        0x0
 .iplt          0x00000000        0x0 ..\obj\stm32f10x_rtc.o

.rel.dyn        0x08004814        0x0
 .rel.iplt      0x00000000        0x0 ..\obj\stm32f10x_rtc.o

.ARM.extab
 *(.ARM.extab* .gnu.linkonce.armextab.*)
                0x08004814                __exidx_start = .

.ARM.exidx
 *(.ARM.exidx* .gnu.linkonce.armexidx.*)
                0x08004814                __exidx_end = .
                0x08004814                __etext = .
                0x08004814                _sidata = __etext

.data           0x20000000      0x4c4 load address 0x08004814
                0x20000000                __data_start__ = .
                0x20000000                _sdata = __data_start__
 *(vtable)
 *(.data*)
 .data          0x20000000      0x4ac ..\obj\UI.o
                0x20000000                Null_Menu
                0x20000018                metronomePeriod
                0x2000001c                pMenu
                0x200000a8                Set_OffTim
                0x200000c8                Set_OnTim
                0x200000e8                Set_OnOff
                0x2000010c                Set_ColPend
                0x20000128                Set_ColDat
                0x20000144                Set_ColTim
                0x20000160                Set_ColMrk
                0x20000184                Set_ColArr
                0x200001a0                Set_4Strk
                0x200001bc                Set_THrStr
                0x200001e0                Set_TMtr2
                0x200001fc                Set_TMtr1
                0x2000021c                Set_TClick
                0x20000238                Set_VHrStr
                0x2000025c                Set_VMetr
                0x2000027c                Set_VClick
                0x20000298                Set_Year
                0x200002b0                Set_Mon
                0x200002cc                Set_Date
                0x200002e8                Set_Corr
                0x20000308                Set_Sec
                0x20000324                Set_Min
                0x20000340                Set_Hour
                0x20000358                SetWork
                0x2000037c                SetColors
                0x20000398                SetMetr
                0x200003b8                SetTone
                0x200003d8                SetVol
                0x200003f8                SetDate
                0x20000414                SetClock
                0x20000430                MMENU
                0x2000044c                MMetronome
                0x20000464                MDAClock
                0x2000047c                MDigitalClock
                0x20000494                MAnalogClock
 .data          0x200004ac       0x14 ..\obj\stm32f10x_rcc.o
 .data          0x200004c0        0x1 ..\obj\TxRx.o
                0x200004c4                . = ALIGN (0x4)
 *fill*         0x200004c1        0x3 
                0x200004c4                PROVIDE (__preinit_array_start, .)
 *(.preinit_array)
                0x200004c4                PROVIDE (__preinit_array_end, .)
                0x200004c4                . = ALIGN (0x4)
                0x200004c4                PROVIDE (__init_array_start, .)
 *(SORT(.init_array.*))
 *(.init_array)
                0x200004c4                PROVIDE (__init_array_end, .)
                0x200004c4                . = ALIGN (0x4)
                0x200004c4                PROVIDE (__fini_array_start, .)
 *(SORT(.fini_array.*))
 *(.fini_array)
                0x200004c4                PROVIDE (__fini_array_end, .)
 *(.jcr*)
                0x200004c4                . = ALIGN (0x4)
                0x200004c4                __data_end__ = .
                0x200004c4                _edata = __data_end__

.igot.plt       0x200004c4        0x0 load address 0x08004cd8
 .igot.plt      0x00000000        0x0 ..\obj\stm32f10x_rtc.o

.bss            0x200004c4     0x1ad8 load address 0x08004cd8
                0x200004c4                . = ALIGN (0x4)
                0x200004c4                __bss_start__ = .
                0x200004c4                _sbss = __bss_start__
 *(.bss*)
 .bss           0x200004c4       0x48 ..\obj\UI.o
                0x200004c4                inParamSet
                0x200004c5                currModeNum
                0x200004c6                transCounter
                0x200004c8                tempStr
                0x200004e8                metronomePos
                0x200004ec                temp
                0x2000050a                inMenu
 .bss           0x2000050c       0x14 ..\obj\main.o
                0x2000050c                lowSpinCounter
                0x20000514                flagGoodSpeed
                0x2000051c                step
                0x2000051d                flagNewLap
                0x2000051e                flagNewStep
 .bss           0x20000520        0xc ..\obj\display_HAL.o
                0x20000520                DispBuf
 .bss           0x2000052c        0xc ..\obj\TxRx.o
                0x2000052c                TX_counter
                0x2000052d                TX_LedFlag
 *(COMMON)
 COMMON         0x20000538       0x3a ..\obj\UI.o
                0x20000538                sett
                0x20000544                Date
                0x20000550                CurrMenuItem
                0x20000554                transDir
                0x20000558                Time
                0x20000564                RTC_TimeDate
                0x2000056c                WriteFunc
                0x20000570                menuParamValue
 COMMON         0x20000572        0x2 ..\obj\main.o
                0x20000572                delay
 COMMON         0x20000574     0x1a24 ..\obj\draw.o
                0x20000574                Object
                0x20000648                Text
 COMMON         0x20001f98        0x1 ..\obj\TxRx.o
                0x20001f98                TX_data
                0x20001f9c                . = ALIGN (0x4)
 *fill*         0x20001f99        0x3 
                0x20001f9c                __bss_end__ = .
                0x20001f9c                _ebss = __bss_end__

.heap           0x20001f9c        0x0
                0x20001f9c                __end__ = .
                0x20001f9c                _end = __end__
                0x20001f9c                end = __end__
 *(.heap*)
                0x20001f9c                __HeapLimit = .

.co_stack       0x20001f9c      0x404 load address 0x080067b0
                0x20001fa0                . = ALIGN (0x8)
 *fill*         0x20001f9c        0x4 
 *(.co_stack .co_stack.*)
 .co_stack      0x20001fa0      0x400 ..\obj\startup_stm32f10x_md.o
                0x20001fa0                pulStack
                0x20005000                __StackTop = (ORIGIN (ram) + 0x5000)
                0x20004bfc                __StackLimit = (__StackTop - SIZEOF (.co_stack))
                0x20005000                PROVIDE (__stack, __StackTop)
                0x00000001                ASSERT ((__StackLimit >= __HeapLimit), region ram  overflowed with stack)
LOAD ..\obj\stm32f10x_rtc.o
LOAD ..\obj\string.o
LOAD ..\obj\stm32f10x_tim.o
LOAD ..\obj\UI.o
LOAD ..\obj\system_stm32f10x.o
LOAD ..\obj\startup_stm32f10x_md.o
LOAD ..\obj\stm32f10x_pwr.o
LOAD ..\obj\timework.o
LOAD ..\obj\stm32f10x_gpio.o
LOAD ..\obj\main.o
LOAD ..\obj\font.o
LOAD ..\obj\stm32f10x_rcc.o
LOAD ..\obj\stm32f10x_exti.o
LOAD ..\obj\stm32f10x_adc.o
LOAD ..\obj\draw.o
LOAD ..\obj\stm32f10x_usart.o
LOAD ..\obj\stm32f10x_flash.o
LOAD ..\obj\display_HAL.o
LOAD ..\obj\TxRx.o
LOAD ..\obj\debug.o
LOAD ..\obj\stm32f10x_dma.o
LOAD ..\obj\misc.o
LOAD ..\obj\stm32f10x_spi.o
LOAD ..\obj\stm32f10x_iwdg.o
LOAD c:/program files/arm/bin/../lib/gcc/arm-none-eabi/4.8.4/../../../../arm-none-eabi/lib/armv7-m\libm.a
START GROUP
LOAD c:/program files/arm/bin/../lib/gcc/arm-none-eabi/4.8.4/armv7-m\libgcc.a
LOAD c:/program files/arm/bin/../lib/gcc/arm-none-eabi/4.8.4/../../../../arm-none-eabi/lib/armv7-m\libg.a
LOAD c:/program files/arm/bin/../lib/gcc/arm-none-eabi/4.8.4/../../../../arm-none-eabi/lib/armv7-m\libc.a
END GROUP
OUTPUT(Rotor.elf elf32-littlearm)

.debug_info     0x00000000     0xbb25
 .debug_info    0x00000000      0x475 ..\obj\stm32f10x_rtc.o
 .debug_info    0x00000475      0x347 ..\obj\string.o
 .debug_info    0x000007bc     0x2251 ..\obj\stm32f10x_tim.o
 .debug_info    0x00002a0d     0x1493 ..\obj\UI.o
 .debug_info    0x00003ea0      0x397 ..\obj\system_stm32f10x.o
 .debug_info    0x00004237      0x116 ..\obj\startup_stm32f10x_md.o
 .debug_info    0x0000434d      0x279 ..\obj\timework.o
 .debug_info    0x000045c6      0x885 ..\obj\stm32f10x_gpio.o
 .debug_info    0x00004e4b     0x1e08 ..\obj\main.o
 .debug_info    0x00006c53       0x76 ..\obj\font.o
 .debug_info    0x00006cc9      0x8c1 ..\obj\stm32f10x_rcc.o
 .debug_info    0x0000758a      0x8fc ..\obj\draw.o
 .debug_info    0x00007e86      0xb3a ..\obj\stm32f10x_usart.o
 .debug_info    0x000089c0      0xa00 ..\obj\stm32f10x_flash.o
 .debug_info    0x000093c0      0x6fc ..\obj\display_HAL.o
 .debug_info    0x00009abc      0x568 ..\obj\TxRx.o
 .debug_info    0x0000a024      0x568 ..\obj\debug.o
 .debug_info    0x0000a58c      0x470 ..\obj\stm32f10x_dma.o
 .debug_info    0x0000a9fc      0x543 ..\obj\misc.o
 .debug_info    0x0000af3f      0x9dd ..\obj\stm32f10x_spi.o
 .debug_info    0x0000b91c      0x209 ..\obj\stm32f10x_iwdg.o

.debug_abbrev   0x00000000     0x22c9
 .debug_abbrev  0x00000000      0x18d ..\obj\stm32f10x_rtc.o
 .debug_abbrev  0x0000018d      0x145 ..\obj\string.o
 .debug_abbrev  0x000002d2      0x295 ..\obj\stm32f10x_tim.o
 .debug_abbrev  0x00000567      0x255 ..\obj\UI.o
 .debug_abbrev  0x000007bc      0x11e ..\obj\system_stm32f10x.o
 .debug_abbrev  0x000008da       0xe1 ..\obj\startup_stm32f10x_md.o
 .debug_abbrev  0x000009bb      0x102 ..\obj\timework.o
 .debug_abbrev  0x00000abd      0x1f0 ..\obj\stm32f10x_gpio.o
 .debug_abbrev  0x00000cad      0x3a4 ..\obj\main.o
 .debug_abbrev  0x00001051       0x43 ..\obj\font.o
 .debug_abbrev  0x00001094      0x1e0 ..\obj\stm32f10x_rcc.o
 .debug_abbrev  0x00001274      0x251 ..\obj\draw.o
 .debug_abbrev  0x000014c5      0x1da ..\obj\stm32f10x_usart.o
 .debug_abbrev  0x0000169f      0x1ad ..\obj\stm32f10x_flash.o
 .debug_abbrev  0x0000184c      0x1d9 ..\obj\display_HAL.o
 .debug_abbrev  0x00001a25      0x176 ..\obj\TxRx.o
 .debug_abbrev  0x00001b9b      0x18a ..\obj\debug.o
 .debug_abbrev  0x00001d25      0x164 ..\obj\stm32f10x_dma.o
 .debug_abbrev  0x00001e89      0x154 ..\obj\misc.o
 .debug_abbrev  0x00001fdd      0x1dc ..\obj\stm32f10x_spi.o
 .debug_abbrev  0x000021b9      0x110 ..\obj\stm32f10x_iwdg.o

.debug_loc      0x00000000     0x7473
 .debug_loc     0x00000000      0x22f ..\obj\stm32f10x_rtc.o
 .debug_loc     0x0000022f      0x6ac ..\obj\string.o
 .debug_loc     0x000008db     0x1c94 ..\obj\stm32f10x_tim.o
 .debug_loc     0x0000256f      0xa38 ..\obj\UI.o
 .debug_loc     0x00002fa7       0xe8 ..\obj\system_stm32f10x.o
 .debug_loc     0x0000308f       0x22 ..\obj\startup_stm32f10x_md.o
 .debug_loc     0x000030b1      0xd8d ..\obj\timework.o
 .debug_loc     0x00003e3e      0x4d9 ..\obj\stm32f10x_gpio.o
 .debug_loc     0x00004317      0x1a6 ..\obj\main.o
 .debug_loc     0x000044bd      0x6d9 ..\obj\stm32f10x_rcc.o
 .debug_loc     0x00004b96      0x7d2 ..\obj\draw.o
 .debug_loc     0x00005368      0x7cf ..\obj\stm32f10x_usart.o
 .debug_loc     0x00005b37      0x97e ..\obj\stm32f10x_flash.o
 .debug_loc     0x000064b5      0x559 ..\obj\display_HAL.o
 .debug_loc     0x00006a0e       0xc5 ..\obj\TxRx.o
 .debug_loc     0x00006ad3       0x41 ..\obj\debug.o
 .debug_loc     0x00006b14      0x183 ..\obj\stm32f10x_dma.o
 .debug_loc     0x00006c97      0x1da ..\obj\misc.o
 .debug_loc     0x00006e71      0x5a0 ..\obj\stm32f10x_spi.o
 .debug_loc     0x00007411       0x62 ..\obj\stm32f10x_iwdg.o

.debug_aranges  0x00000000      0xb98
 .debug_aranges
                0x00000000       0x88 ..\obj\stm32f10x_rtc.o
 .debug_aranges
                0x00000088       0x50 ..\obj\string.o
 .debug_aranges
                0x000000d8      0x2e0 ..\obj\stm32f10x_tim.o
 .debug_aranges
                0x000003b8       0x48 ..\obj\UI.o
 .debug_aranges
                0x00000400       0x28 ..\obj\system_stm32f10x.o
 .debug_aranges
                0x00000428       0x28 ..\obj\startup_stm32f10x_md.o
 .debug_aranges
                0x00000450       0x38 ..\obj\timework.o
 .debug_aranges
                0x00000488       0xa8 ..\obj\stm32f10x_gpio.o
 .debug_aranges
                0x00000530       0x60 ..\obj\main.o
 .debug_aranges
                0x00000590       0x18 ..\obj\font.o
 .debug_aranges
                0x000005a8      0x118 ..\obj\stm32f10x_rcc.o
 .debug_aranges
                0x000006c0       0x70 ..\obj\draw.o
 .debug_aranges
                0x00000730      0x100 ..\obj\stm32f10x_usart.o
 .debug_aranges
                0x00000830       0xf8 ..\obj\stm32f10x_flash.o
 .debug_aranges
                0x00000928       0x48 ..\obj\display_HAL.o
 .debug_aranges
                0x00000970       0x30 ..\obj\TxRx.o
 .debug_aranges
                0x000009a0       0x30 ..\obj\debug.o
 .debug_aranges
                0x000009d0       0x70 ..\obj\stm32f10x_dma.o
 .debug_aranges
                0x00000a40       0x40 ..\obj\misc.o
 .debug_aranges
                0x00000a80       0xd0 ..\obj\stm32f10x_spi.o
 .debug_aranges
                0x00000b50       0x48 ..\obj\stm32f10x_iwdg.o

.debug_ranges   0x00000000      0xa58
 .debug_ranges  0x00000000       0x78 ..\obj\stm32f10x_rtc.o
 .debug_ranges  0x00000078       0x58 ..\obj\string.o
 .debug_ranges  0x000000d0      0x2d0 ..\obj\stm32f10x_tim.o
 .debug_ranges  0x000003a0       0x38 ..\obj\UI.o
 .debug_ranges  0x000003d8       0x18 ..\obj\system_stm32f10x.o
 .debug_ranges  0x000003f0       0x18 ..\obj\startup_stm32f10x_md.o
 .debug_ranges  0x00000408       0x28 ..\obj\timework.o
 .debug_ranges  0x00000430       0x98 ..\obj\stm32f10x_gpio.o
 .debug_ranges  0x000004c8       0x50 ..\obj\main.o
 .debug_ranges  0x00000518      0x108 ..\obj\stm32f10x_rcc.o
 .debug_ranges  0x00000620       0x60 ..\obj\draw.o
 .debug_ranges  0x00000680       0xf0 ..\obj\stm32f10x_usart.o
 .debug_ranges  0x00000770       0xe8 ..\obj\stm32f10x_flash.o
 .debug_ranges  0x00000858       0x38 ..\obj\display_HAL.o
 .debug_ranges  0x00000890       0x20 ..\obj\TxRx.o
 .debug_ranges  0x000008b0       0x20 ..\obj\debug.o
 .debug_ranges  0x000008d0       0x60 ..\obj\stm32f10x_dma.o
 .debug_ranges  0x00000930       0x30 ..\obj\misc.o
 .debug_ranges  0x00000960       0xc0 ..\obj\stm32f10x_spi.o
 .debug_ranges  0x00000a20       0x38 ..\obj\stm32f10x_iwdg.o

.debug_line     0x00000000     0x3d54
 .debug_line    0x00000000      0x260 ..\obj\stm32f10x_rtc.o
 .debug_line    0x00000260      0x190 ..\obj\string.o
 .debug_line    0x000003f0      0x997 ..\obj\stm32f10x_tim.o
 .debug_line    0x00000d87      0x347 ..\obj\UI.o
 .debug_line    0x000010ce      0x15f ..\obj\system_stm32f10x.o
 .debug_line    0x0000122d       0x92 ..\obj\startup_stm32f10x_md.o
 .debug_line    0x000012bf      0x1a2 ..\obj\timework.o
 .debug_line    0x00001461      0x345 ..\obj\stm32f10x_gpio.o
 .debug_line    0x000017a6      0x46d ..\obj\main.o
 .debug_line    0x00001c13       0x4a ..\obj\font.o
 .debug_line    0x00001c5d      0x41d ..\obj\stm32f10x_rcc.o
 .debug_line    0x0000207a      0x38f ..\obj\draw.o
 .debug_line    0x00002409      0x40f ..\obj\stm32f10x_usart.o
 .debug_line    0x00002818      0x468 ..\obj\stm32f10x_flash.o
 .debug_line    0x00002c80      0x30e ..\obj\display_HAL.o
 .debug_line    0x00002f8e      0x229 ..\obj\TxRx.o
 .debug_line    0x000031b7      0x1f4 ..\obj\debug.o
 .debug_line    0x000033ab      0x288 ..\obj\stm32f10x_dma.o
 .debug_line    0x00003633      0x1d9 ..\obj\misc.o
 .debug_line    0x0000380c      0x399 ..\obj\stm32f10x_spi.o
 .debug_line    0x00003ba5      0x1af ..\obj\stm32f10x_iwdg.o

.debug_str      0x00000000     0x36da
 .debug_str     0x00000000      0x33d ..\obj\stm32f10x_rtc.o
                                0x3ad (size before relaxing)
 .debug_str     0x0000033d       0xd7 ..\obj\string.o
                                0x178 (size before relaxing)
 .debug_str     0x00000414      0xba3 ..\obj\stm32f10x_tim.o
                                0xe16 (size before relaxing)
 .debug_str     0x00000fb7      0x50b ..\obj\UI.o
                                0x6d8 (size before relaxing)
 .debug_str     0x000014c2      0x10e ..\obj\system_stm32f10x.o
                                0x288 (size before relaxing)
 .debug_str     0x000015d0       0xaf ..\obj\startup_stm32f10x_md.o
                                0x15a (size before relaxing)
 .debug_str     0x0000167f       0x4d ..\obj\timework.o
                                0x228 (size before relaxing)
 .debug_str     0x000016cc      0x378 ..\obj\stm32f10x_gpio.o
                                0x53b (size before relaxing)
 .debug_str     0x00001a44      0x899 ..\obj\main.o
                                0xf83 (size before relaxing)
 .debug_str     0x000022dd       0x32 ..\obj\font.o
                                 0xcd (size before relaxing)
 .debug_str     0x0000230f      0x273 ..\obj\stm32f10x_rcc.o
                                0x625 (size before relaxing)
 .debug_str     0x00002582       0xd8 ..\obj\draw.o
                                0x400 (size before relaxing)
 .debug_str     0x0000265a      0x429 ..\obj\stm32f10x_usart.o
                                0x6db (size before relaxing)
 .debug_str     0x00002a83      0x3fc ..\obj\stm32f10x_flash.o
                                0x5f3 (size before relaxing)
 .debug_str     0x00002e7f      0x1f8 ..\obj\display_HAL.o
                                0x4a8 (size before relaxing)
 .debug_str     0x00003077      0x101 ..\obj\TxRx.o
                                0x416 (size before relaxing)
 .debug_str     0x00003178       0x64 ..\obj\debug.o
                                0x457 (size before relaxing)
 .debug_str     0x000031dc      0x106 ..\obj\stm32f10x_dma.o
                                0x3c2 (size before relaxing)
 .debug_str     0x000032e2       0xe2 ..\obj\misc.o
                                0x3c9 (size before relaxing)
 .debug_str     0x000033c4      0x290 ..\obj\stm32f10x_spi.o
                                0x648 (size before relaxing)
 .debug_str     0x00003654       0x86 ..\obj\stm32f10x_iwdg.o
                                0x267 (size before relaxing)

.comment        0x00000000       0x70
 .comment       0x00000000       0x70 ..\obj\stm32f10x_rtc.o
                                 0x71 (size before relaxing)
 .comment       0x00000000       0x71 ..\obj\string.o
 .comment       0x00000000       0x71 ..\obj\stm32f10x_tim.o
 .comment       0x00000000       0x71 ..\obj\UI.o
 .comment       0x00000000       0x71 ..\obj\system_stm32f10x.o
 .comment       0x00000000       0x71 ..\obj\startup_stm32f10x_md.o
 .comment       0x00000000       0x71 ..\obj\timework.o
 .comment       0x00000000       0x71 ..\obj\stm32f10x_gpio.o
 .comment       0x00000000       0x71 ..\obj\main.o
 .comment       0x00000000       0x71 ..\obj\font.o
 .comment       0x00000000       0x71 ..\obj\stm32f10x_rcc.o
 .comment       0x00000000       0x71 ..\obj\draw.o
 .comment       0x00000000       0x71 ..\obj\stm32f10x_usart.o
 .comment       0x00000000       0x71 ..\obj\stm32f10x_flash.o
 .comment       0x00000000       0x71 ..\obj\display_HAL.o
 .comment       0x00000000       0x71 ..\obj\TxRx.o
 .comment       0x00000000       0x71 ..\obj\debug.o
 .comment       0x00000000       0x71 ..\obj\stm32f10x_dma.o
 .comment       0x00000000       0x71 ..\obj\misc.o
 .comment       0x00000000       0x71 ..\obj\stm32f10x_spi.o
 .comment       0x00000000       0x71 ..\obj\stm32f10x_iwdg.o

.ARM.attributes
                0x00000000       0x33
 .ARM.attributes
                0x00000000       0x33 ..\obj\stm32f10x_rtc.o
 .ARM.attributes
                0x00000033       0x33 ..\obj\string.o
 .ARM.attributes
                0x00000066       0x33 ..\obj\stm32f10x_tim.o
 .ARM.attributes
                0x00000099       0x33 ..\obj\UI.o
 .ARM.attributes
                0x000000cc       0x33 ..\obj\system_stm32f10x.o
 .ARM.attributes
                0x000000ff       0x33 ..\obj\startup_stm32f10x_md.o
 .ARM.attributes
                0x00000132       0x33 ..\obj\timework.o
 .ARM.attributes
                0x00000165       0x33 ..\obj\stm32f10x_gpio.o
 .ARM.attributes
                0x00000198       0x33 ..\obj\main.o
 .ARM.attributes
                0x000001cb       0x33 ..\obj\font.o
 .ARM.attributes
                0x000001fe       0x33 ..\obj\stm32f10x_rcc.o
 .ARM.attributes
                0x00000231       0x33 ..\obj\draw.o
 .ARM.attributes
                0x00000264       0x33 ..\obj\stm32f10x_usart.o
 .ARM.attributes
                0x00000297       0x33 ..\obj\stm32f10x_flash.o
 .ARM.attributes
                0x000002ca       0x33 ..\obj\display_HAL.o
 .ARM.attributes
                0x000002fd       0x33 ..\obj\TxRx.o
 .ARM.attributes
                0x00000330       0x33 ..\obj\debug.o
 .ARM.attributes
                0x00000363       0x33 ..\obj\stm32f10x_dma.o
 .ARM.attributes
                0x00000396       0x33 ..\obj\misc.o
 .ARM.attributes
                0x000003c9       0x33 ..\obj\stm32f10x_spi.o
 .ARM.attributes
                0x000003fc       0x33 ..\obj\stm32f10x_iwdg.o
 .ARM.attributes
                0x0000042f       0x1d c:/program files/arm/bin/../lib/gcc/arm-none-eabi/4.8.4/armv7-m\libgcc.a(_arm_addsubdf3.o)
 .ARM.attributes
                0x0000044c       0x1d c:/program files/arm/bin/../lib/gcc/arm-none-eabi/4.8.4/armv7-m\libgcc.a(_arm_muldivdf3.o)
 .ARM.attributes
                0x00000469       0x1d c:/program files/arm/bin/../lib/gcc/arm-none-eabi/4.8.4/armv7-m\libgcc.a(_arm_truncdfsf2.o)
 .ARM.attributes
                0x00000486       0x1d c:/program files/arm/bin/../lib/gcc/arm-none-eabi/4.8.4/armv7-m\libgcc.a(_arm_addsubsf3.o)
 .ARM.attributes
                0x000004a3       0x1d c:/program files/arm/bin/../lib/gcc/arm-none-eabi/4.8.4/armv7-m\libgcc.a(_arm_muldivsf3.o)
 .ARM.attributes
                0x000004c0       0x1d c:/program files/arm/bin/../lib/gcc/arm-none-eabi/4.8.4/armv7-m\libgcc.a(_arm_cmpsf2.o)
 .ARM.attributes
                0x000004dd       0x1d c:/program files/arm/bin/../lib/gcc/arm-none-eabi/4.8.4/armv7-m\libgcc.a(_arm_fixsfsi.o)

.debug_frame    0x00000000     0x1844
 .debug_frame   0x00000000      0x108 ..\obj\stm32f10x_rtc.o
 .debug_frame   0x00000108       0xc8 ..\obj\string.o
 .debug_frame   0x000001d0      0x640 ..\obj\stm32f10x_tim.o
 .debug_frame   0x00000810       0xc8 ..\obj\UI.o
 .debug_frame   0x000008d8       0x30 ..\obj\system_stm32f10x.o
 .debug_frame   0x00000908       0x38 ..\obj\startup_stm32f10x_md.o
 .debug_frame   0x00000940       0x74 ..\obj\timework.o
 .debug_frame   0x000009b4      0x160 ..\obj\stm32f10x_gpio.o
 .debug_frame   0x00000b14       0xf8 ..\obj\main.o
 .debug_frame   0x00000c0c      0x224 ..\obj\stm32f10x_rcc.o
 .debug_frame   0x00000e30      0x118 ..\obj\draw.o
 .debug_frame   0x00000f48      0x20c ..\obj\stm32f10x_usart.o
 .debug_frame   0x00001154      0x24c ..\obj\stm32f10x_flash.o
 .debug_frame   0x000013a0       0xa8 ..\obj\display_HAL.o
 .debug_frame   0x00001448       0x50 ..\obj\TxRx.o
 .debug_frame   0x00001498       0x64 ..\obj\debug.o
 .debug_frame   0x000014fc       0xc8 ..\obj\stm32f10x_dma.o
 .debug_frame   0x000015c4       0x68 ..\obj\misc.o
 .debug_frame   0x0000162c      0x1a8 ..\obj\stm32f10x_spi.o
 .debug_frame   0x000017d4       0x70 ..\obj\stm32f10x_iwdg.o
