Archive member included because of file (symbol)

c:/program files (x86)/arm gcc/bin/../lib/gcc/arm-none-eabi/4.8.4/armv6-m\libgcc.a(_thumb1_case_uqi.o)
                              ..\obj\sound.o (__gnu_thumb1_case_uqi)
c:/program files (x86)/arm gcc/bin/../lib/gcc/arm-none-eabi/4.8.4/armv6-m\libgcc.a(_udivsi3.o)
                              ..\obj\string.o (__aeabi_uidiv)
c:/program files (x86)/arm gcc/bin/../lib/gcc/arm-none-eabi/4.8.4/armv6-m\libgcc.a(_divsi3.o)
                              ..\obj\sound.o (__aeabi_idiv)
c:/program files (x86)/arm gcc/bin/../lib/gcc/arm-none-eabi/4.8.4/armv6-m\libgcc.a(_dvmd_tls.o)
                              c:/program files (x86)/arm gcc/bin/../lib/gcc/arm-none-eabi/4.8.4/armv6-m\libgcc.a(_udivsi3.o) (__aeabi_idiv0)
c:/program files (x86)/arm gcc/bin/../lib/gcc/arm-none-eabi/4.8.4/../../../../arm-none-eabi/lib/armv6-m\libg.a(lib_a-exit.o)
                              c:/program files (x86)/arm gcc/bin/../lib/gcc/arm-none-eabi/4.8.4/../../../../arm-none-eabi/lib/armv6-m/crt0.o (exit)
c:/program files (x86)/arm gcc/bin/../lib/gcc/arm-none-eabi/4.8.4/../../../../arm-none-eabi/lib/armv6-m\libg.a(lib_a-impure.o)
                              c:/program files (x86)/arm gcc/bin/../lib/gcc/arm-none-eabi/4.8.4/../../../../arm-none-eabi/lib/armv6-m\libg.a(lib_a-exit.o) (_global_impure_ptr)
c:/program files (x86)/arm gcc/bin/../lib/gcc/arm-none-eabi/4.8.4/../../../../arm-none-eabi/lib/armv6-m\libg.a(lib_a-init.o)
                              c:/program files (x86)/arm gcc/bin/../lib/gcc/arm-none-eabi/4.8.4/../../../../arm-none-eabi/lib/armv6-m/crt0.o (__libc_init_array)
c:/program files (x86)/arm gcc/bin/../lib/gcc/arm-none-eabi/4.8.4/../../../../arm-none-eabi/lib/armv6-m\libg.a(lib_a-memset.o)
                              c:/program files (x86)/arm gcc/bin/../lib/gcc/arm-none-eabi/4.8.4/../../../../arm-none-eabi/lib/armv6-m/crt0.o (memset)
c:/program files (x86)/arm gcc/bin/../lib/gcc/arm-none-eabi/4.8.4/../../../../arm-none-eabi/lib/armv6-m\libg.a(lib_a-__call_atexit.o)
                              c:/program files (x86)/arm gcc/bin/../lib/gcc/arm-none-eabi/4.8.4/../../../../arm-none-eabi/lib/armv6-m\libg.a(lib_a-exit.o) (__call_exitprocs)
c:/program files (x86)/arm gcc/bin/../lib/gcc/arm-none-eabi/4.8.4/../../../../arm-none-eabi/lib/armv6-m\libg.a(lib_a-atexit.o)
                              c:/program files (x86)/arm gcc/bin/../lib/gcc/arm-none-eabi/4.8.4/../../../../arm-none-eabi/lib/armv6-m\libg.a(lib_a-__call_atexit.o) (atexit)
c:/program files (x86)/arm gcc/bin/../lib/gcc/arm-none-eabi/4.8.4/../../../../arm-none-eabi/lib/armv6-m\libg.a(lib_a-fini.o)
                              c:/program files (x86)/arm gcc/bin/../lib/gcc/arm-none-eabi/4.8.4/../../../../arm-none-eabi/lib/armv6-m\libg.a(lib_a-__call_atexit.o) (__libc_fini_array)
c:/program files (x86)/arm gcc/bin/../lib/gcc/arm-none-eabi/4.8.4/../../../../arm-none-eabi/lib/armv6-m\libg.a(lib_a-__atexit.o)
                              c:/program files (x86)/arm gcc/bin/../lib/gcc/arm-none-eabi/4.8.4/../../../../arm-none-eabi/lib/armv6-m\libg.a(lib_a-atexit.o) (__register_exitproc)

Allocating common symbols
Common symbol       size              file

TIM_TimeBaseStructure
                    0xc               ..\obj\RC5.o
sett                0xc               ..\obj\UI.o
RC5_data            0x1a              ..\obj\RC5.o
RTC_TD_Temp         0x8               ..\obj\main.o
SoundCB             0x60              ..\obj\sound.o
RX_data             0x1               ..\obj\main.o
TimeTemp            0x4               ..\obj\UI.o
AdcData             0x8               ..\obj\main.o
DateTemp            0x4               ..\obj\UI.o
CurrMenuItem        0x4               ..\obj\UI.o
delay               0x2               ..\obj\main.o
RC5_Frame           0x3               ..\obj\main.o
CurrDisplayMenuItem
                    0x4               ..\obj\UI.o

Discarded input sections

 .text          0x00000000        0x0 c:/program files (x86)/arm gcc/bin/../lib/gcc/arm-none-eabi/4.8.4/armv6-m/crti.o
 .data          0x00000000        0x0 c:/program files (x86)/arm gcc/bin/../lib/gcc/arm-none-eabi/4.8.4/armv6-m/crti.o
 .bss           0x00000000        0x0 c:/program files (x86)/arm gcc/bin/../lib/gcc/arm-none-eabi/4.8.4/armv6-m/crti.o
 .data          0x00000000        0x4 c:/program files (x86)/arm gcc/bin/../lib/gcc/arm-none-eabi/4.8.4/armv6-m/crtbegin.o
 .text          0x00000000       0x78 c:/program files (x86)/arm gcc/bin/../lib/gcc/arm-none-eabi/4.8.4/../../../../arm-none-eabi/lib/armv6-m/crt0.o
 .data          0x00000000        0x0 c:/program files (x86)/arm gcc/bin/../lib/gcc/arm-none-eabi/4.8.4/../../../../arm-none-eabi/lib/armv6-m/crt0.o
 .bss           0x00000000        0x0 c:/program files (x86)/arm gcc/bin/../lib/gcc/arm-none-eabi/4.8.4/../../../../arm-none-eabi/lib/armv6-m/crt0.o
[...]
Memory Configuration

Name             Origin             Length             Attributes
rom              0x08000000         0x00004000         xr
ram              0x20000000         0x00001000         xrw
*default*        0x00000000         0xffffffff

Linker script and memory map

LOAD c:/program files (x86)/arm gcc/bin/../lib/gcc/arm-none-eabi/4.8.4/armv6-m/crti.o
LOAD c:/program files (x86)/arm gcc/bin/../lib/gcc/arm-none-eabi/4.8.4/armv6-m/crtbegin.o
LOAD c:/program files (x86)/arm gcc/bin/../lib/gcc/arm-none-eabi/4.8.4/../../../../arm-none-eabi/lib/armv6-m/crt0.o
                0x20001000                _eram = 0x20001000

.text           0x08000000     0x39a0
 *(.isr_vector)
 .isr_vector    0x08000000       0xc4 ..\obj\startup_stm32f0xx.o
                0x08000000                g_pfnVectors
 *(.text*)
 .text          0x080000c4       0x60 c:/program files (x86)/arm gcc/bin/../lib/gcc/arm-none-eabi/4.8.4/armv6-m/crtbegin.o
 .text.strlen   0x08000124       0x12 ..\obj\string.o
                0x08000124                strlen
 .text.reverse  0x08000136       0x22 ..\obj\string.o
                0x08000136                reverse
 .text.itoa_    0x08000158       0x48 ..\obj\string.o
                0x08000158                itoa_
 .text.strcat_  0x080001a0       0x20 ..\obj\string.o
                0x080001a0                strcat_
 .text.strcatWRev
                0x080001c0       0x5e ..\obj\string.o
                0x080001c0                strcatWRev
 *fill*         0x0800021e        0x2 
 .text.SoundInit
                0x08000220       0xec ..\obj\sound.o
                0x08000220                SoundInit
 .text.SoundSetWave
                0x0800030c       0xa8 ..\obj\sound.o
                0x0800030c                SoundSetWave
 .text.SoundSetVolume
                0x080003b4       0x18 ..\obj\sound.o
                0x080003b4                SoundSetVolume
 .text.SoundSetFreq
                0x080003cc       0x30 ..\obj\sound.o
                0x080003cc                SoundSetFreq
 .text.SoundPlayNote
                0x080003fc       0x44 ..\obj\sound.o
                0x080003fc                SoundPlayNote
 .text.SoundDispatcher
                0x08000440       0x7c ..\obj\sound.o
                0x08000440                SoundDispatcher
 .text.SettingsToBkp
                0x080004bc       0xc4 ..\obj\UI.o
                0x080004bc                SettingsToBkp
 .text.BkpToSett
                0x08000580      0x15c ..\obj\UI.o
                0x08000580                BkpToSett
 .text.SendSett
                0x080006dc      0x21c ..\obj\UI.o
                0x080006dc                SendSett
 .text.SetUp    0x080008f8      0x328 ..\obj\UI.o
                0x080008f8                SetUp
 .text.SetDown  0x08000c20      0x310 ..\obj\UI.o
                0x08000c20                SetDown
 .text.SendSettArray
                0x08000f30       0x22 ..\obj\UI.o
                0x08000f30                SendSettArray
 .text.SendPWM  0x08000f52       0x16 ..\obj\UI.o
                0x08000f52                SendPWM
 .text.RTCCalibrate
                0x08000f68       0x58 ..\obj\UI.o
                0x08000f68                RTCCalibrate
 .text.MetronomeSound
                0x08000fc0       0x60 ..\obj\UI.o
                0x08000fc0                MetronomeSound
 .text.MetrEnter
                0x08001020       0x34 ..\obj\UI.o
                0x08001020                MetrEnter
 .text.MenuChange
                0x08001054       0xf4 ..\obj\UI.o
                0x08001054                MenuChange
 .text.UIInit   0x08001148       0x60 ..\obj\UI.o
                0x08001148                UIInit
 .text.MetrUp   0x080011a8       0x58 ..\obj\UI.o
                0x080011a8                MetrUp
 .text.MetrDown
                0x08001200       0x58 ..\obj\UI.o
                0x08001200                MetrDown
 .text.UIDispatcher
                0x08001258      0x134 ..\obj\UI.o
                0x08001258                UIDispatcher
 .text.FMOff    0x0800138c       0x18 ..\obj\FM.o
                0x0800138c                FMOff
 .text.FMInit   0x080013a4       0x78 ..\obj\FM.o
                0x080013a4                FMInit
 .text.FMSetFreq
                0x0800141c       0x10 ..\obj\FM.o
                0x0800141c                FMSetFreq
 .text.FMSendData
                0x0800142c      0x108 ..\obj\FM.o
                0x0800142c                FMSendData
 .text.RCC_HSICmd
                0x08001534       0x1c ..\obj\stm32f0xx_rcc.o
                0x08001534                RCC_HSICmd
 .text.RCC_LSEConfig
                0x08001550       0x20 ..\obj\stm32f0xx_rcc.o
                0x08001550                RCC_LSEConfig
 .text.RCC_PLLConfig
                0x08001570       0x20 ..\obj\stm32f0xx_rcc.o
                0x08001570                RCC_PLLConfig
 .text.RCC_PLLCmd
                0x08001590       0x20 ..\obj\stm32f0xx_rcc.o
                0x08001590                RCC_PLLCmd
 .text.RCC_MCOConfig
                0x080015b0        0xc ..\obj\stm32f0xx_rcc.o
                0x080015b0                RCC_MCOConfig
 .text.RCC_SYSCLKConfig
                0x080015bc       0x14 ..\obj\stm32f0xx_rcc.o
                0x080015bc                RCC_SYSCLKConfig
 .text.RCC_HCLKConfig
                0x080015d0       0x14 ..\obj\stm32f0xx_rcc.o
                0x080015d0                RCC_HCLKConfig
 .text.RCC_PCLKConfig
                0x080015e4       0x18 ..\obj\stm32f0xx_rcc.o
                0x080015e4                RCC_PCLKConfig
 .text.RCC_ADCCLKConfig
                0x080015fc       0x30 ..\obj\stm32f0xx_rcc.o
                0x080015fc                RCC_ADCCLKConfig
 .text.RCC_GetClocksFreq
                0x0800162c       0xe8 ..\obj\stm32f0xx_rcc.o
                0x0800162c                RCC_GetClocksFreq
 .text.RCC_RTCCLKConfig
                0x08001714       0x10 ..\obj\stm32f0xx_rcc.o
                0x08001714                RCC_RTCCLKConfig
 .text.RCC_RTCCLKCmd
                0x08001724       0x20 ..\obj\stm32f0xx_rcc.o
                0x08001724                RCC_RTCCLKCmd
 .text.RCC_AHBPeriphClockCmd
                0x08001744       0x18 ..\obj\stm32f0xx_rcc.o
                0x08001744                RCC_AHBPeriphClockCmd
 .text.RCC_APB2PeriphClockCmd
                0x0800175c       0x18 ..\obj\stm32f0xx_rcc.o
                0x0800175c                RCC_APB2PeriphClockCmd
 .text.RCC_APB1PeriphClockCmd
                0x08001774       0x18 ..\obj\stm32f0xx_rcc.o
                0x08001774                RCC_APB1PeriphClockCmd
 .text.RCC_APB2PeriphResetCmd
                0x0800178c       0x18 ..\obj\stm32f0xx_rcc.o
                0x0800178c                RCC_APB2PeriphResetCmd
 .text.RCC_APB1PeriphResetCmd
                0x080017a4       0x18 ..\obj\stm32f0xx_rcc.o
                0x080017a4                RCC_APB1PeriphResetCmd
 .text.RCC_GetFlagStatus
                0x080017bc       0x30 ..\obj\stm32f0xx_rcc.o
                0x080017bc                RCC_GetFlagStatus
 .text.ADC_Init
                0x080017ec       0x2c ..\obj\stm32f0xx_adc.o
                0x080017ec                ADC_Init
 .text.ADC_Cmd  0x08001818       0x10 ..\obj\stm32f0xx_adc.o
                0x08001818                ADC_Cmd
 .text.ADC_TempSensorCmd
                0x08001828       0x20 ..\obj\stm32f0xx_adc.o
                0x08001828                ADC_TempSensorCmd
 .text.ADC_VbatCmd
                0x08001848       0x20 ..\obj\stm32f0xx_adc.o
                0x08001848                ADC_VbatCmd
 .text.ADC_ChannelConfig
                0x08001868        0xa ..\obj\stm32f0xx_adc.o
                0x08001868                ADC_ChannelConfig
 .text.ADC_GetCalibrationFactor
                0x08001872       0x2c ..\obj\stm32f0xx_adc.o
                0x08001872                ADC_GetCalibrationFactor
 .text.ADC_StartOfConversion
                0x0800189e        0xa ..\obj\stm32f0xx_adc.o
                0x0800189e                ADC_StartOfConversion
 .text.ADC_DMACmd
                0x080018a8       0x14 ..\obj\stm32f0xx_adc.o
                0x080018a8                ADC_DMACmd
 .text.ADC_DMARequestModeConfig
                0x080018bc       0x10 ..\obj\stm32f0xx_adc.o
                0x080018bc                ADC_DMARequestModeConfig
 .text.ADC_GetFlagStatus
                0x080018cc       0x1c ..\obj\stm32f0xx_adc.o
                0x080018cc                ADC_GetFlagStatus
 .text.RTC_TimeDateToCnt
                0x080018e8       0xa0 ..\obj\timework.o
                0x080018e8                RTC_TimeDateToCnt
 .text.TimeDateToStruct
                0x08001988       0x1a ..\obj\timework.o
                0x08001988                TimeDateToStruct
 .text.TimeDateToCounter
                0x080019a2       0x10 ..\obj\timework.o
                0x080019a2                TimeDateToCounter
 .text.GetTimeDate
                0x080019b2       0x18 ..\obj\timework.o
                0x080019b2                GetTimeDate
 *fill*         0x080019ca        0x2 
 .text.IWDG_WriteAccessCmd
                0x080019cc        0xc ..\obj\stm32f0xx_iwdg.o
                0x080019cc                IWDG_WriteAccessCmd
 .text.IWDG_SetPrescaler
                0x080019d8        0xc ..\obj\stm32f0xx_iwdg.o
                0x080019d8                IWDG_SetPrescaler
 .text.IWDG_SetReload
                0x080019e4        0xc ..\obj\stm32f0xx_iwdg.o
                0x080019e4                IWDG_SetReload
 .text.IWDG_ReloadCounter
                0x080019f0       0x10 ..\obj\stm32f0xx_iwdg.o
                0x080019f0                IWDG_ReloadCounter
 .text.IWDG_Enable
                0x08001a00       0x10 ..\obj\stm32f0xx_iwdg.o
                0x08001a00                IWDG_Enable
 .text.delay_ms
                0x08001a10       0x1c ..\obj\main.o
                0x08001a10                delay_ms
 .text.SysTick_Handler
                0x08001a2c       0x8c ..\obj\main.o
                0x08001a2c                SysTick_Handler
 .text.Init     0x08001ab8      0x2c8 ..\obj\main.o
                0x08001ab8                Init
 .text.Debug_OutSysTimeDate
                0x08001d80       0xe8 ..\obj\main.o
                0x08001d80                Debug_OutSysTimeDate
 .text.startup.main
                0x08001e68      0x404 ..\obj\main.o
                0x08001e68                main
 .text.NewLapHandler
                0x0800226c       0x9c ..\obj\main.o
                0x0800226c                NewLapHandler
 .text.Reset_Handler
                0x08002308       0x4c ..\obj\startup_stm32f0xx.o
                0x08002308                Reset_Handler
 .text.Default_Handler
                0x08002354        0x2 ..\obj\startup_stm32f0xx.o
                0x08002354                TIM1_CC_IRQHandler
                0x08002354                HardFault_Handler
                0x08002354                ADC1_COMP_IRQHandler
                0x08002354                PVD_IRQHandler
                0x08002354                PendSV_Handler
                0x08002354                NMI_Handler
                0x08002354                I2C1_IRQHandler
                0x08002354                SPI1_IRQHandler
                0x08002354                TIM6_DAC_IRQHandler
                0x08002354                EXTI2_3_IRQHandler
                0x08002354                I2C2_IRQHandler
                0x08002354                RTC_IRQHandler
                0x08002354                TIM16_IRQHandler
                0x08002354                TIM3_IRQHandler
                0x08002354                RCC_IRQHandler
                0x08002354                DMA1_Channel1_IRQHandler
                0x08002354                Default_Handler
                0x08002354                CEC_IRQHandler
                0x08002354                TIM14_IRQHandler
                0x08002354                DMA1_Channel4_5_IRQHandler
                0x08002354                TIM15_IRQHandler
                0x08002354                EXTI0_1_IRQHandler
                0x08002354                SPI2_IRQHandler
                0x08002354                SVC_Handler
                0x08002354                TS_IRQHandler
                0x08002354                WWDG_IRQHandler
                0x08002354                TIM2_IRQHandler
                0x08002354                DMA1_Channel2_3_IRQHandler
                0x08002354                USART2_IRQHandler
                0x08002354                FLASH_IRQHandler
                0x08002354                USART1_IRQHandler
                0x08002354                TIM1_BRK_UP_TRG_COM_IRQHandler
 *fill*         0x08002356        0x2 
 .text.DMA_DeInit
                0x08002358       0x80 ..\obj\stm32f0xx_dma.o
                0x08002358                DMA_DeInit
 .text.DMA_Init
                0x080023d8       0x3c ..\obj\stm32f0xx_dma.o
                0x080023d8                DMA_Init
 .text.DMA_Cmd  0x08002414       0x1c ..\obj\stm32f0xx_dma.o
                0x08002414                DMA_Cmd
 .text.MotorInit
                0x08002430       0x8c ..\obj\motor.o
                0x08002430                MotorInit
 .text.MotorSpeedSet
                0x080024bc       0x18 ..\obj\motor.o
                0x080024bc                MotorSpeedSet
 .text.SetSysClock1
                0x080024d4       0xa0 ..\obj\system_stm32f0xx_temp.o
                0x080024d4                SetSysClock
 .text.SystemInit1
                0x08002574       0x64 ..\obj\system_stm32f0xx_temp.o
                0x08002574                SystemInit
                0x08002574                SystemInit1
 .text.GPIO_Init
                0x080025d8       0x76 ..\obj\stm32f0xx_gpio.o
                0x080025d8                GPIO_Init
 .text.GPIO_PinAFConfig
                0x0800264e       0x24 ..\obj\stm32f0xx_gpio.o
                0x0800264e                GPIO_PinAFConfig
 .text.RTC_ByteToBcd2
                0x08002672       0x18 ..\obj\stm32f0xx_rtc.o
 .text.RTC_Bcd2ToByte
                0x0800268a       0x10 ..\obj\stm32f0xx_rtc.o
 *fill*         0x0800269a        0x2 
 .text.RTC_EnterInitMode
                0x0800269c       0x3c ..\obj\stm32f0xx_rtc.o
                0x0800269c                RTC_EnterInitMode
 .text.RTC_ExitInitMode
                0x080026d8       0x10 ..\obj\stm32f0xx_rtc.o
                0x080026d8                RTC_ExitInitMode
 .text.RTC_Init
                0x080026e8       0x48 ..\obj\stm32f0xx_rtc.o
                0x080026e8                RTC_Init
 .text.RTC_WaitForSynchro
                0x08002730       0x4c ..\obj\stm32f0xx_rtc.o
                0x08002730                RTC_WaitForSynchro
 .text.RTC_SetTime
                0x0800277c       0x9c ..\obj\stm32f0xx_rtc.o
                0x0800277c                RTC_SetTime
 .text.RTC_GetTime
                0x08002818       0x48 ..\obj\stm32f0xx_rtc.o
                0x08002818                RTC_GetTime
 .text.RTC_SetDate
                0x08002860       0x94 ..\obj\stm32f0xx_rtc.o
                0x08002860                RTC_SetDate
 .text.RTC_GetDate
                0x080028f4       0x44 ..\obj\stm32f0xx_rtc.o
                0x080028f4                RTC_GetDate
 .text.RTC_SmoothCalibConfig
                0x08002938       0x44 ..\obj\stm32f0xx_rtc.o
                0x08002938                RTC_SmoothCalibConfig
 .text.RTC_WriteBackupRegister
                0x0800297c       0x20 ..\obj\stm32f0xx_rtc.o
                0x0800297c                RTC_WriteBackupRegister
 .text.RTC_ReadBackupRegister
                0x0800299c       0x20 ..\obj\stm32f0xx_rtc.o
                0x0800299c                RTC_ReadBackupRegister
 .text.USART_Init
                0x080029bc       0xa0 ..\obj\stm32f0xx_usart.o
                0x080029bc                USART_Init
 .text.USART_Cmd
                0x08002a5c       0x14 ..\obj\stm32f0xx_usart.o
                0x08002a5c                USART_Cmd
 .text.TIM_DeInit
                0x08002a70       0xd0 ..\obj\stm32f0xx_tim.o
                0x08002a70                TIM_DeInit
 .text.TIM_TimeBaseInit
                0x08002b40       0x78 ..\obj\stm32f0xx_tim.o
                0x08002b40                TIM_TimeBaseInit
 .text.TIM_Cmd  0x08002bb8       0x14 ..\obj\stm32f0xx_tim.o
                0x08002bb8                TIM_Cmd
 .text.TIM_CtrlPWMOutputs
                0x08002bcc       0x1a ..\obj\stm32f0xx_tim.o
                0x08002bcc                TIM_CtrlPWMOutputs
 *fill*         0x08002be6        0x2 
 .text.TIM_OC1Init
                0x08002be8       0x7c ..\obj\stm32f0xx_tim.o
                0x08002be8                TIM_OC1Init
 .text.TIM_OC2Init
                0x08002c64       0x94 ..\obj\stm32f0xx_tim.o
                0x08002c64                TIM_OC2Init
 .text.TIM_OC4Init
                0x08002cf8       0x64 ..\obj\stm32f0xx_tim.o
                0x08002cf8                TIM_OC4Init
 .text.TIM_ITConfig
                0x08002d5c       0x12 ..\obj\stm32f0xx_tim.o
                0x08002d5c                TIM_ITConfig
 .text.TIM_GetITStatus
                0x08002d6e       0x16 ..\obj\stm32f0xx_tim.o
                0x08002d6e                TIM_GetITStatus
 .text.TIM_ClearITPendingBit
                0x08002d84        0x8 ..\obj\stm32f0xx_tim.o
                0x08002d84                TIM_ClearITPendingBit
 .text.TIM_SelectOutputTrigger
                0x08002d8c       0x10 ..\obj\stm32f0xx_tim.o
                0x08002d8c                TIM_SelectOutputTrigger
 .text.DebugInit
                0x08002d9c       0x64 ..\obj\debug.o
                0x08002d9c                DebugInit
 .text.DebugSendString
                0x08002e00       0x28 ..\obj\debug.o
                0x08002e00                DebugSendString
 .text.DebugSendChar
                0x08002e28       0x10 ..\obj\debug.o
                0x08002e28                DebugSendChar
 .text.DebugSendNumWDesc
                0x08002e38       0x42 ..\obj\debug.o
                0x08002e38                DebugSendNumWDesc
 *fill*         0x08002e7a        0x2 
 .text.FLASH_SetLatency
                0x08002e7c       0x14 ..\obj\stm32f0xx_flash.o
                0x08002e7c                FLASH_SetLatency
 .text.FLASH_PrefetchBufferCmd
                0x08002e90       0x1c ..\obj\stm32f0xx_flash.o
                0x08002e90                FLASH_PrefetchBufferCmd
 .text.EXTI_Init
                0x08002eac       0x68 ..\obj\stm32f0xx_exti.o
                0x08002eac                EXTI_Init
 .text.EXTI_GetITStatus
                0x08002f14       0x14 ..\obj\stm32f0xx_exti.o
                0x08002f14                EXTI_GetITStatus
 .text.EXTI_ClearITPendingBit
                0x08002f28        0xc ..\obj\stm32f0xx_exti.o
                0x08002f28                EXTI_ClearITPendingBit
 .text.RC5_TIM_GetCounterCLKValue
                0x08002f34       0x24 ..\obj\RC5.o
                0x08002f34                RC5_TIM_GetCounterCLKValue
 .text.RC5_WaitForNextFallingEdge
                0x08002f58       0x44 ..\obj\RC5.o
                0x08002f58                RC5_WaitForNextFallingEdge
 .text.RC5Init  0x08002f9c      0x10c ..\obj\RC5.o
                0x08002f9c                RC5Init
 .text.TIM17_IRQHandler
                0x080030a8       0x70 ..\obj\RC5.o
                0x080030a8                TIM17_IRQHandler
 .text.EXTI4_15_IRQHandler
                0x08003118      0x10c ..\obj\RC5.o
                0x08003118                EXTI4_15_IRQHandler
 .text.RC5_Decode
                0x08003224       0x98 ..\obj\RC5.o
                0x08003224                RC5_Decode
 .text.SYSCFG_EXTILineConfig
                0x080032bc       0x2c ..\obj\stm32f0xx_syscfg.o
                0x080032bc                SYSCFG_EXTILineConfig
 .text.PWR_BackupAccessCmd
                0x080032e8       0x20 ..\obj\stm32f0xx_pwr.o
                0x080032e8                PWR_BackupAccessCmd
 .text.NVIC_Init
                0x08003308       0x60 ..\obj\stm32f0xx_misc.o
                0x08003308                NVIC_Init
 .text.DAC_Init
                0x08003368       0x20 ..\obj\stm32f0xx_dac.o
                0x08003368                DAC_Init
 .text.DAC_Cmd  0x08003388       0x28 ..\obj\stm32f0xx_dac.o
                0x08003388                DAC_Cmd
 .text.DAC_DMACmd
                0x080033b0       0x28 ..\obj\stm32f0xx_dac.o
                0x080033b0                DAC_DMACmd
 .text          0x080033d8       0x14 c:/program files (x86)/arm gcc/bin/../lib/gcc/arm-none-eabi/4.8.4/armv6-m\libgcc.a(_thumb1_case_uqi.o)
                0x080033d8                __gnu_thumb1_case_uqi
 .text          0x080033ec       0x9c c:/program files (x86)/arm gcc/bin/../lib/gcc/arm-none-eabi/4.8.4/armv6-m\libgcc.a(_udivsi3.o)
                0x080033ec                __aeabi_uidiv
                0x080033ec                __udivsi3
                0x08003474                __aeabi_uidivmod
 .text          0x08003488       0xc0 c:/program files (x86)/arm gcc/bin/../lib/gcc/arm-none-eabi/4.8.4/armv6-m\libgcc.a(_divsi3.o)
                0x08003488                __divsi3
                0x08003488                __aeabi_idiv
                0x08003534                __aeabi_idivmod
 .text          0x08003548        0x4 c:/program files (x86)/arm gcc/bin/../lib/gcc/arm-none-eabi/4.8.4/armv6-m\libgcc.a(_dvmd_tls.o)
                0x08003548                __aeabi_idiv0
                0x08003548                __aeabi_ldiv0
 .text.memset   0x0800354c       0x9c c:/program files (x86)/arm gcc/bin/../lib/gcc/arm-none-eabi/4.8.4/../../../../arm-none-eabi/lib/armv6-m\libg.a(lib_a-memset.o)
                0x0800354c                memset
 .text.startup.register_fini
                0x080035e8       0x18 c:/program files (x86)/arm gcc/bin/../lib/gcc/arm-none-eabi/4.8.4/../../../../arm-none-eabi/lib/armv6-m\libg.a(lib_a-__call_atexit.o)
 .text.atexit   0x08003600       0x10 c:/program files (x86)/arm gcc/bin/../lib/gcc/arm-none-eabi/4.8.4/../../../../arm-none-eabi/lib/armv6-m\libg.a(lib_a-atexit.o)
                0x08003600                atexit
 .text.__libc_fini_array
                0x08003610       0x30 c:/program files (x86)/arm gcc/bin/../lib/gcc/arm-none-eabi/4.8.4/../../../../arm-none-eabi/lib/armv6-m\libg.a(lib_a-fini.o)
                0x08003610                __libc_fini_array
 .text.__register_exitproc
                0x08003640       0xc0 c:/program files (x86)/arm gcc/bin/../lib/gcc/arm-none-eabi/4.8.4/../../../../arm-none-eabi/lib/armv6-m\libg.a(lib_a-__atexit.o)
                0x08003640                __register_exitproc
 *(.init)
 .init          0x08003700        0x4 c:/program files (x86)/arm gcc/bin/../lib/gcc/arm-none-eabi/4.8.4/armv6-m/crti.o
                0x08003700                _init
 .init          0x08003704        0x8 c:/program files (x86)/arm gcc/bin/../lib/gcc/arm-none-eabi/4.8.4/armv6-m/crtn.o
 *(.fini)
 .fini          0x0800370c        0x4 c:/program files (x86)/arm gcc/bin/../lib/gcc/arm-none-eabi/4.8.4/armv6-m/crti.o
                0x0800370c                _fini
 .fini          0x08003710        0x8 c:/program files (x86)/arm gcc/bin/../lib/gcc/arm-none-eabi/4.8.4/armv6-m/crtn.o
 *crtbegin.o(.ctors)
 *crtbegin?.o(.ctors)
 *(EXCLUDE_FILE(*crtend.o *crtend?.o) .ctors)
 *(SORT(.ctors.*))
 *(.ctors)
 *crtbegin.o(.dtors)
 *crtbegin?.o(.dtors)
 *(EXCLUDE_FILE(*crtend.o *crtend?.o) .dtors)
 *(SORT(.dtors.*))
 *(.dtors)
 *(.rodata*)
 .rodata        0x08003718      0x178 ..\obj\sound.o
                0x08003718                Sine12bit
                0x08003758                Meandr12bit
                0x08003798                Saw12bit
                0x080037d8                Triangle12bit
                0x08003818                NoteMass
 .rodata.str1.1
                0x08003890       0x10 ..\obj\UI.o
 .rodata        0x080038a0       0x18 ..\obj\FM.o
                0x080038a0                FMFreq
 .rodata.str1.1
                0x080038b8       0x3f ..\obj\FM.o
 .rodata        0x080038f7        0xf ..\obj\main.o
 .rodata.str1.1
                0x08003906       0x90 ..\obj\main.o
                                 0x92 (size before relaxing)
 *fill*         0x08003996        0x2 
 .rodata.str1.4
                0x08003998        0x4 c:/program files (x86)/arm gcc/bin/../lib/gcc/arm-none-eabi/4.8.4/../../../../arm-none-eabi/lib/armv6-m\libg.a(lib_a-impure.o)
 .rodata._global_impure_ptr
                0x0800399c        0x4 c:/program files (x86)/arm gcc/bin/../lib/gcc/arm-none-eabi/4.8.4/../../../../arm-none-eabi/lib/armv6-m\libg.a(lib_a-impure.o)
                0x0800399c                _global_impure_ptr
 *(.eh_fram e*)

.eh_frame       0x080039a0        0x0
 .eh_frame      0x080039a0        0x0 c:/program files (x86)/arm gcc/bin/../lib/gcc/arm-none-eabi/4.8.4/armv6-m/crtbegin.o

.glue_7         0x080039a0        0x0
 .glue_7        0x00000000        0x0 linker stubs

.glue_7t        0x080039a0        0x0
 .glue_7t       0x00000000        0x0 linker stubs

.vfp11_veneer   0x080039a0        0x0
 .vfp11_veneer  0x00000000        0x0 linker stubs

.v4_bx          0x080039a0        0x0
 .v4_bx         0x00000000        0x0 linker stubs

.iplt           0x080039a0        0x0
 .iplt          0x00000000        0x0 c:/program files (x86)/arm gcc/bin/../lib/gcc/arm-none-eabi/4.8.4/armv6-m/crtbegin.o

.rel.dyn        0x080039a0        0x0
 .rel.iplt      0x00000000        0x0 c:/program files (x86)/arm gcc/bin/../lib/gcc/arm-none-eabi/4.8.4/armv6-m/crtbegin.o

.ARM.extab
 *(.ARM.extab* .gnu.linkonce.armextab.*)
                0x080039a0                __exidx_start = .

.ARM.exidx
 *(.ARM.exidx* .gnu.linkonce.armexidx.*)
                0x080039a0                __exidx_end = .
                0x080039a0                __etext = .
                0x080039a0                _sidata = __etext

.data           0x20000000      0xa70 load address 0x080039a0
                0x20000000                __data_start__ = .
                0x20000000                _sdata = __data_start__
 *(vtable)
 *(.data*)
 .data          0x20000000        0x1 ..\obj\sound.o
                0x20000000                currentVolume
 *fill*         0x20000001        0x3 
 .data          0x20000004      0x604 ..\obj\UI.o
                0x20000006                metrBPM
                0x20000008                MAnalogClock
                0x20000024                MDigitalClock
                0x20000040                MDAClock
                0x2000005c                MMetronome
                0x20000078                MMENU
                0x20000094                _Set_OffTim
                0x200000ac                _Set_OnTim
                0x200000c4                _Set_OnOff
                0x200000dc                _Set_ColPend
                0x200000f4                _Set_ColDat
                0x2000010c                _Set_ColTim
                0x20000124                _Set_ColMrk
                0x2000013c                _Set_ColArr
                0x20000154                _Set_4Strk
                0x2000016c                _Set_THrStr
                0x20000184                _Set_TMtr2
                0x2000019c                _Set_TMtr1
                0x200001b4                _Set_TClick
                0x200001cc                _Set_VHrStr
                0x200001e4                _Set_VMetr
                0x200001fc                _Set_VClick
                0x20000214                _Set_Year
                0x2000022c                _Set_Mon
                0x20000244                _Set_Date
                0x2000025c                _Set_Corr
                0x20000274                _Set_Sec
                0x2000028c                _Set_Min
                0x200002a4                _Set_Hour
                0x200002bc                Set_OffTim
                0x200002d8                Set_OnTim
                0x200002f4                Set_OnOff
                0x20000314                Set_ColPend
                0x20000334                Set_ColDat
                0x20000350                Set_ColTim
                0x2000036c                Set_ColMrk
                0x20000388                Set_ColArr
                0x200003a4                Set_4Strk
                0x200003c4                Set_THrStr
                0x200003e0                Set_TMtr2
                0x200003fc                Set_TMtr1
                0x20000418                Set_TClick
                0x20000434                Set_VHrStr
                0x20000450                Set_VMetr
                0x2000046c                Set_VClick
                0x20000488                Set_Year
                0x200004a4                Set_Mon
                0x200004bc                Set_Date
                0x200004d8                Set_Corr
                0x200004f4                Set_Sec
                0x2000050c                Set_Min
                0x20000524                Set_Hour
                0x2000053c                SetWork
                0x2000055c                SetColors
                0x20000578                SetMetr
                0x20000598                SetTone
                0x200005b4                SetVol
                0x200005d0                SetDate
                0x200005ec                SetClock
 .data          0x20000608        0x1 ..\obj\FM.o
                0x20000608                powMul
 .data          0x20000609       0x10 ..\obj\stm32f0xx_rcc.o
 *fill*         0x20000619        0x3 
 .data          0x2000061c       0x14 ..\obj\system_stm32f0xx_temp.o
                0x2000061c                AHBPrescTable
                0x2000062c                SystemCoreClock
 .data          0x20000630        0x1 ..\obj\RC5.o
                0x20000630                BitTimeStatus
 *fill*         0x20000631        0x7 
 .data.impure_data
                0x20000638      0x428 c:/program files (x86)/arm gcc/bin/../lib/gcc/arm-none-eabi/4.8.4/../../../../arm-none-eabi/lib/armv6-m\libg.a(lib_a-impure.o)
                0x20000a60                . = ALIGN (0x4)
                0x20000a60                PROVIDE (__preinit_array_start, .)
 *(.preinit_array)
                0x20000a60                PROVIDE (__preinit_array_end, .)
                0x20000a60                . = ALIGN (0x4)
                0x20000a60                PROVIDE (__init_array_start, .)
 *(SORT(.init_array.*))
 .init_array.00000
                0x20000a60        0x4 c:/program files (x86)/arm gcc/bin/../lib/gcc/arm-none-eabi/4.8.4/../../../../arm-none-eabi/lib/armv6-m\libg.a(lib_a-__call_atexit.o)
 *(.init_array)
 .init_array    0x20000a64        0x4 c:/program files (x86)/arm gcc/bin/../lib/gcc/arm-none-eabi/4.8.4/armv6-m/crtbegin.o
                0x20000a68                PROVIDE (__init_array_end, .)
                0x20000a68                . = ALIGN (0x4)
                0x20000a68                PROVIDE (__fini_array_start, .)
 *(SORT(.fini_array.*))
 *(.fini_array)
 .fini_array    0x20000a68        0x4 c:/program files (x86)/arm gcc/bin/../lib/gcc/arm-none-eabi/4.8.4/armv6-m/crtbegin.o
                0x20000a6c                PROVIDE (__fini_array_end, .)
 *(.jcr*)
 .jcr           0x20000a6c        0x0 c:/program files (x86)/arm gcc/bin/../lib/gcc/arm-none-eabi/4.8.4/armv6-m/crtbegin.o
 .jcr           0x20000a6c        0x4 c:/program files (x86)/arm gcc/bin/../lib/gcc/arm-none-eabi/4.8.4/armv6-m/crtend.o
                0x20000a70                . = ALIGN (0x4)
                0x20000a70                __data_end__ = .
                0x20000a70                _edata = __data_end__

.igot.plt       0x20000a70        0x0 load address 0x08004410
 .igot.plt      0x00000000        0x0 c:/program files (x86)/arm gcc/bin/../lib/gcc/arm-none-eabi/4.8.4/armv6-m/crtbegin.o

.bss            0x20000a70      0x178 load address 0x08004410
                0x20000a70                . = ALIGN (0x4)
                0x20000a70                __bss_start__ = .
                0x20000a70                _sbss = __bss_start__
 *(.bss*)
 .bss           0x20000a70       0x1c c:/program files (x86)/arm gcc/bin/../lib/gcc/arm-none-eabi/4.8.4/armv6-m/crtbegin.o
 .bss           0x20000a8c       0x4a ..\obj\sound.o
                0x20000a8c                DAC12bit
                0x20000acc                currentWave
                0x20000ad0                cbEnd
                0x20000ad1                noteState
                0x20000ad2                soundTimer
                0x20000ad4                cbStart
 *fill*         0x20000ad6        0x2 
 .bss           0x20000ad8       0x20 ..\obj\UI.o
                0x20000ad8                currMenuID
                0x20000ada                metrValue
                0x20000adc                metrCounter
                0x20000ade                metrFlag
                0x20000ae0                Null_Menu
 .bss           0x20000af8       0x18 ..\obj\main.o
                0x20000af8                IrDebounce
                0x20000afa                noRotationCounter
                0x20000afc                spinTimer
                0x20000b09                PowerFlag
                0x20000b0b                RX_complete
                0x20000b0c                currentSpinFreq
 .bss           0x20000b10       0x1c ..\obj\RC5.o
                0x20000b10                RC5_TIM_CLKValuekHz
                0x20000b14                NominalBitDurationCount
                0x20000b16                NominalHalfBitDurationCount
                0x20000b18                HalfBitDurationCount_Min
                0x20000b1a                HalfBitDurationCount_Max
                0x20000b1c                FullBitDurationCount_Min
                0x20000b1e                FullBitDurationCount_Max
                0x20000b20                NominalBitDurationCount_3div4
                0x20000b22                RC5_Indexdata
                0x20000b23                Bit4_HasBeen_Sampled
                0x20000b24                RC5_FrameReceived
                0x20000b25                EdgesNumber
                0x20000b26                LowDuration
                0x20000b28                FieldBit
 *(COMMON)
 COMMON         0x20000b2c       0x60 ..\obj\sound.o
                0x20000b2c                SoundCB
 COMMON         0x20000b8c       0x1c ..\obj\UI.o
                0x20000b8c                sett
                0x20000b98                TimeTemp
                0x20000b9c                DateTemp
                0x20000ba0                CurrMenuItem
                0x20000ba4                CurrDisplayMenuItem
 COMMON         0x20000ba8       0x17 ..\obj\main.o
                0x20000ba8                RTC_TD_Temp
                0x20000bb0                RX_data
                0x20000bb2                AdcData
                0x20000bba                delay
                0x20000bbc                RC5_Frame
 *fill*         0x20000bbf        0x1 
 COMMON         0x20000bc0       0x26 ..\obj\RC5.o
                0x20000bc0                TIM_TimeBaseStructure
                0x20000bcc                RC5_data
                0x20000be8                . = ALIGN (0x4)
 *fill*         0x20000be6        0x2 
                0x20000be8                __bss_end__ = .
                0x20000be8                _ebss = __bss_end__

.heap           0x20000be8        0x0
                0x20000be8                __end__ = .
                0x20000be8                _end = __end__
                0x20000be8                end = __end__
 *(.heap*)
                0x20000be8                __HeapLimit = .

.co_stack       0x20000be8        0x0
                0x20000be8                . = ALIGN (0x8)
 *(.co_stack .co_stack.*)
                0x20001000                __StackTop = (ORIGIN (ram) + 0x1000)
                0x20001000                __StackLimit = (__StackTop - SIZEOF (.co_stack))
                0x20001000                PROVIDE (__stack, __StackTop)
                0x00000001                ASSERT ((__StackLimit >= __HeapLimit), region ram  overflowed with stack)
LOAD ..\obj\string.o
LOAD ..\obj\sound.o
LOAD ..\obj\UI.o
LOAD ..\obj\FM.o
LOAD ..\obj\stm32f0xx_rcc.o
LOAD ..\obj\stm32f0xx_adc.o
LOAD ..\obj\timework.o
LOAD ..\obj\stm32f0xx_iwdg.o
LOAD ..\obj\main.o
LOAD ..\obj\startup_stm32f0xx.o
LOAD ..\obj\stm32f0xx_dma.o
LOAD ..\obj\motor.o
LOAD ..\obj\system_stm32f0xx_temp.o
LOAD ..\obj\stm32f0xx_gpio.o
LOAD ..\obj\stm32f0xx_rtc.o
LOAD ..\obj\stm32f0xx_usart.o
LOAD ..\obj\stm32f0xx_tim.o
LOAD ..\obj\debug.o
LOAD ..\obj\stm32f0xx_flash.o
LOAD ..\obj\stm32f0xx_exti.o
LOAD ..\obj\RC5.o
LOAD ..\obj\stm32f0xx_syscfg.o
LOAD ..\obj\stm32f0xx_pwr.o
LOAD ..\obj\stm32f0xx_misc.o
LOAD ..\obj\stm32f0xx_dac.o
LOAD c:/program files (x86)/arm gcc/bin/../lib/gcc/arm-none-eabi/4.8.4/../../../../arm-none-eabi/lib/armv6-m\libstdc++.a
START GROUP
LOAD c:/program files (x86)/arm gcc/bin/../lib/gcc/arm-none-eabi/4.8.4/armv6-m\libgcc.a
LOAD c:/program files (x86)/arm gcc/bin/../lib/gcc/arm-none-eabi/4.8.4/../../../../arm-none-eabi/lib/armv6-m\libg.a
LOAD c:/program files (x86)/arm gcc/bin/../lib/gcc/arm-none-eabi/4.8.4/../../../../arm-none-eabi/lib/armv6-m\libc.a
END GROUP
LOAD c:/program files (x86)/arm gcc/bin/../lib/gcc/arm-none-eabi/4.8.4/armv6-m/crtend.o
LOAD c:/program files (x86)/arm gcc/bin/../lib/gcc/arm-none-eabi/4.8.4/armv6-m/crtn.o
OUTPUT(BASE.elf elf32-littlearm)

.ARM.attributes
                0x00000000       0x28
 .ARM.attributes
                0x00000000       0x1e c:/program files (x86)/arm gcc/bin/../lib/gcc/arm-none-eabi/4.8.4/armv6-m/crti.o
 .ARM.attributes
                0x0000001e       0x2c c:/program files (x86)/arm gcc/bin/../lib/gcc/arm-none-eabi/4.8.4/armv6-m/crtbegin.o
 .ARM.attributes
                0x0000004a       0x31 ..\obj\string.o
 .ARM.attributes
                0x0000007b       0x31 ..\obj\sound.o
 .ARM.attributes
                0x000000ac       0x31 ..\obj\UI.o
 .ARM.attributes
                0x000000dd       0x31 ..\obj\FM.o
 .ARM.attributes
                0x0000010e       0x31 ..\obj\stm32f0xx_rcc.o
 .ARM.attributes
                0x0000013f       0x31 ..\obj\stm32f0xx_adc.o
 .ARM.attributes
                0x00000170       0x31 ..\obj\timework.o
 .ARM.attributes
                0x000001a1       0x31 ..\obj\stm32f0xx_iwdg.o
 .ARM.attributes
                0x000001d2       0x31 ..\obj\main.o
 .ARM.attributes
                0x00000203       0x21 ..\obj\startup_stm32f0xx.o
 .ARM.attributes
                0x00000224       0x31 ..\obj\stm32f0xx_dma.o
 .ARM.attributes
                0x00000255       0x31 ..\obj\motor.o
 .ARM.attributes
                0x00000286       0x31 ..\obj\system_stm32f0xx_temp.o
 .ARM.attributes
                0x000002b7       0x31 ..\obj\stm32f0xx_gpio.o
 .ARM.attributes
                0x000002e8       0x31 ..\obj\stm32f0xx_rtc.o
 .ARM.attributes
                0x00000319       0x31 ..\obj\stm32f0xx_usart.o
 .ARM.attributes
                0x0000034a       0x31 ..\obj\stm32f0xx_tim.o
 .ARM.attributes
                0x0000037b       0x31 ..\obj\debug.o
 .ARM.attributes
                0x000003ac       0x31 ..\obj\stm32f0xx_flash.o
 .ARM.attributes
                0x000003dd       0x31 ..\obj\stm32f0xx_exti.o
 .ARM.attributes
                0x0000040e       0x31 ..\obj\RC5.o
 .ARM.attributes
                0x0000043f       0x31 ..\obj\stm32f0xx_syscfg.o
 .ARM.attributes
                0x00000470       0x31 ..\obj\stm32f0xx_pwr.o
 .ARM.attributes
                0x000004a1       0x31 ..\obj\stm32f0xx_misc.o
 .ARM.attributes
                0x000004d2       0x31 ..\obj\stm32f0xx_dac.o
 .ARM.attributes
                0x00000503       0x1e c:/program files (x86)/arm gcc/bin/../lib/gcc/arm-none-eabi/4.8.4/armv6-m\libgcc.a(_thumb1_case_uqi.o)
 .ARM.attributes
                0x00000521       0x1e c:/program files (x86)/arm gcc/bin/../lib/gcc/arm-none-eabi/4.8.4/armv6-m\libgcc.a(_udivsi3.o)
 .ARM.attributes
                0x0000053f       0x1e c:/program files (x86)/arm gcc/bin/../lib/gcc/arm-none-eabi/4.8.4/armv6-m\libgcc.a(_divsi3.o)
 .ARM.attributes
                0x0000055d       0x1e c:/program files (x86)/arm gcc/bin/../lib/gcc/arm-none-eabi/4.8.4/armv6-m\libgcc.a(_dvmd_tls.o)
 .ARM.attributes
                0x0000057b       0x2c c:/program files (x86)/arm gcc/bin/../lib/gcc/arm-none-eabi/4.8.4/../../../../arm-none-eabi/lib/armv6-m\libg.a(lib_a-impure.o)
 .ARM.attributes
                0x000005a7       0x2c c:/program files (x86)/arm gcc/bin/../lib/gcc/arm-none-eabi/4.8.4/../../../../arm-none-eabi/lib/armv6-m\libg.a(lib_a-memset.o)
 .ARM.attributes
                0x000005d3       0x2c c:/program files (x86)/arm gcc/bin/../lib/gcc/arm-none-eabi/4.8.4/../../../../arm-none-eabi/lib/armv6-m\libg.a(lib_a-__call_atexit.o)
 .ARM.attributes
                0x000005ff       0x2c c:/program files (x86)/arm gcc/bin/../lib/gcc/arm-none-eabi/4.8.4/../../../../arm-none-eabi/lib/armv6-m\libg.a(lib_a-atexit.o)
 .ARM.attributes
                0x0000062b       0x2c c:/program files (x86)/arm gcc/bin/../lib/gcc/arm-none-eabi/4.8.4/../../../../arm-none-eabi/lib/armv6-m\libg.a(lib_a-fini.o)
 .ARM.attributes
                0x00000657       0x2c c:/program files (x86)/arm gcc/bin/../lib/gcc/arm-none-eabi/4.8.4/../../../../arm-none-eabi/lib/armv6-m\libg.a(lib_a-__atexit.o)
 .ARM.attributes
                0x00000683       0x2c c:/program files (x86)/arm gcc/bin/../lib/gcc/arm-none-eabi/4.8.4/armv6-m/crtend.o
 .ARM.attributes
                0x000006af       0x1e c:/program files (x86)/arm gcc/bin/../lib/gcc/arm-none-eabi/4.8.4/armv6-m/crtn.o

.comment        0x00000000       0x70
 .comment       0x00000000       0x70 ..\obj\string.o
                                 0x71 (size before relaxing)
 .comment       0x00000000       0x71 ..\obj\sound.o
 .comment       0x00000000       0x71 ..\obj\UI.o
 .comment       0x00000000       0x71 ..\obj\FM.o
 .comment       0x00000000       0x71 ..\obj\stm32f0xx_rcc.o
 .comment       0x00000000       0x71 ..\obj\stm32f0xx_adc.o
 .comment       0x00000000       0x71 ..\obj\timework.o
 .comment       0x00000000       0x71 ..\obj\stm32f0xx_iwdg.o
 .comment       0x00000000       0x71 ..\obj\main.o
 .comment       0x00000000       0x71 ..\obj\stm32f0xx_dma.o
 .comment       0x00000000       0x71 ..\obj\motor.o
 .comment       0x00000000       0x71 ..\obj\system_stm32f0xx_temp.o
 .comment       0x00000000       0x71 ..\obj\stm32f0xx_gpio.o
 .comment       0x00000000       0x71 ..\obj\stm32f0xx_rtc.o
 .comment       0x00000000       0x71 ..\obj\stm32f0xx_usart.o
 .comment       0x00000000       0x71 ..\obj\stm32f0xx_tim.o
 .comment       0x00000000       0x71 ..\obj\debug.o
 .comment       0x00000000       0x71 ..\obj\stm32f0xx_flash.o
 .comment       0x00000000       0x71 ..\obj\stm32f0xx_exti.o
 .comment       0x00000000       0x71 ..\obj\RC5.o
 .comment       0x00000000       0x71 ..\obj\stm32f0xx_syscfg.o
 .comment       0x00000000       0x71 ..\obj\stm32f0xx_pwr.o
 .comment       0x00000000       0x71 ..\obj\stm32f0xx_misc.o
 .comment       0x00000000       0x71 ..\obj\stm32f0xx_dac.o

.debug_info     0x00000000     0xf248
 .debug_info    0x00000000      0x2ac ..\obj\string.o
 .debug_info    0x000002ac      0xc91 ..\obj\sound.o
 .debug_info    0x00000f3d     0x129d ..\obj\UI.o
 .debug_info    0x000021da      0xa3c ..\obj\FM.o
 .debug_info    0x00002c16      0x9d4 ..\obj\stm32f0xx_rcc.o
 .debug_info    0x000035ea      0x8ca ..\obj\stm32f0xx_adc.o
 .debug_info    0x00003eb4      0x42b ..\obj\timework.o
 .debug_info    0x000042df      0x211 ..\obj\stm32f0xx_iwdg.o
 .debug_info    0x000044f0     0x2582 ..\obj\main.o
 .debug_info    0x00006a72       0xa6 ..\obj\startup_stm32f0xx.o
 .debug_info    0x00006b18      0x423 ..\obj\stm32f0xx_dma.o
 .debug_info    0x00006f3b      0x74c ..\obj\motor.o
 .debug_info    0x00007687      0x2fd ..\obj\system_stm32f0xx_temp.o
 .debug_info    0x00007984      0x682 ..\obj\stm32f0xx_gpio.o
 .debug_info    0x00008006     0x10e1 ..\obj\stm32f0xx_rtc.o
 .debug_info    0x000090e7      0xed8 ..\obj\stm32f0xx_usart.o
 .debug_info    0x00009fbf     0x2016 ..\obj\stm32f0xx_tim.o
 .debug_info    0x0000bfd5      0x719 ..\obj\debug.o
 .debug_info    0x0000c6ee      0xa2d ..\obj\stm32f0xx_flash.o
 .debug_info    0x0000d11b      0x311 ..\obj\stm32f0xx_exti.o
 .debug_info    0x0000d42c      0xedc ..\obj\RC5.o
 .debug_info    0x0000e308      0x2b0 ..\obj\stm32f0xx_syscfg.o
 .debug_info    0x0000e5b8      0x416 ..\obj\stm32f0xx_pwr.o
 .debug_info    0x0000e9ce      0x36b ..\obj\stm32f0xx_misc.o
 .debug_info    0x0000ed39      0x50f ..\obj\stm32f0xx_dac.o

.debug_abbrev   0x00000000     0x2db7
 .debug_abbrev  0x00000000      0x13b ..\obj\string.o
 .debug_abbrev  0x0000013b      0x27d ..\obj\sound.o
 .debug_abbrev  0x000003b8      0x2d6 ..\obj\UI.o
 .debug_abbrev  0x0000068e      0x25d ..\obj\FM.o
 .debug_abbrev  0x000008eb      0x22e ..\obj\stm32f0xx_rcc.o
 .debug_abbrev  0x00000b19      0x1b0 ..\obj\stm32f0xx_adc.o
 .debug_abbrev  0x00000cc9      0x18b ..\obj\timework.o
 .debug_abbrev  0x00000e54      0x10c ..\obj\stm32f0xx_iwdg.o
 .debug_abbrev  0x00000f60      0x346 ..\obj\main.o
 .debug_abbrev  0x000012a6       0x12 ..\obj\startup_stm32f0xx.o
 .debug_abbrev  0x000012b8      0x16b ..\obj\stm32f0xx_dma.o
 .debug_abbrev  0x00001423      0x185 ..\obj\motor.o
 .debug_abbrev  0x000015a8      0x13f ..\obj\system_stm32f0xx_temp.o
 .debug_abbrev  0x000016e7      0x1d2 ..\obj\stm32f0xx_gpio.o
 .debug_abbrev  0x000018b9      0x231 ..\obj\stm32f0xx_rtc.o
 .debug_abbrev  0x00001aea      0x1c9 ..\obj\stm32f0xx_usart.o
 .debug_abbrev  0x00001cb3      0x29c ..\obj\stm32f0xx_tim.o
 .debug_abbrev  0x00001f4f      0x1ec ..\obj\debug.o
 .debug_abbrev  0x0000213b      0x255 ..\obj\stm32f0xx_flash.o
 .debug_abbrev  0x00002390      0x1b0 ..\obj\stm32f0xx_exti.o
 .debug_abbrev  0x00002540      0x260 ..\obj\RC5.o
 .debug_abbrev  0x000027a0      0x156 ..\obj\stm32f0xx_syscfg.o
 .debug_abbrev  0x000028f6      0x1b0 ..\obj\stm32f0xx_pwr.o
 .debug_abbrev  0x00002aa6      0x152 ..\obj\stm32f0xx_misc.o
 .debug_abbrev  0x00002bf8      0x1bf ..\obj\stm32f0xx_dac.o

.debug_loc      0x00000000     0x6058
 .debug_loc     0x00000000      0x382 ..\obj\string.o
 .debug_loc     0x00000382       0xfe ..\obj\sound.o
 .debug_loc     0x00000480      0x259 ..\obj\UI.o
 .debug_loc     0x000006d9      0x1fd ..\obj\FM.o
 .debug_loc     0x000008d6      0x75d ..\obj\stm32f0xx_rcc.o
 .debug_loc     0x00001033      0x3ef ..\obj\stm32f0xx_adc.o
 .debug_loc     0x00001422      0x394 ..\obj\timework.o
 .debug_loc     0x000017b6       0x4b ..\obj\stm32f0xx_iwdg.o
 .debug_loc     0x00001801       0x1b ..\obj\main.o
 .debug_loc     0x0000181c      0x172 ..\obj\stm32f0xx_dma.o
 .debug_loc     0x0000198e       0x34 ..\obj\motor.o
 .debug_loc     0x000019c2      0x108 ..\obj\system_stm32f0xx_temp.o
 .debug_loc     0x00001aca      0x2a3 ..\obj\stm32f0xx_gpio.o
 .debug_loc     0x00001d6d      0xe8e ..\obj\stm32f0xx_rtc.o
 .debug_loc     0x00002bfb      0x81e ..\obj\stm32f0xx_usart.o
 .debug_loc     0x00003419     0x19ff ..\obj\stm32f0xx_tim.o
 .debug_loc     0x00004e18       0xd9 ..\obj\debug.o
 .debug_loc     0x00004ef1      0x799 ..\obj\stm32f0xx_flash.o
 .debug_loc     0x0000568a      0x19d ..\obj\stm32f0xx_exti.o
 .debug_loc     0x00005827       0x7b ..\obj\RC5.o
 .debug_loc     0x000058a2      0x1b9 ..\obj\stm32f0xx_syscfg.o
 .debug_loc     0x00005a5b      0x15a ..\obj\stm32f0xx_pwr.o
 .debug_loc     0x00005bb5       0xc7 ..\obj\stm32f0xx_misc.o
 .debug_loc     0x00005c7c      0x3dc ..\obj\stm32f0xx_dac.o

.debug_aranges  0x00000000      0xf88
 .debug_aranges
                0x00000000       0x40 ..\obj\string.o
 .debug_aranges
                0x00000040       0x48 ..\obj\sound.o
 .debug_aranges
                0x00000088       0x90 ..\obj\UI.o
 .debug_aranges
                0x00000118       0x40 ..\obj\FM.o
 .debug_aranges
                0x00000158      0x150 ..\obj\stm32f0xx_rcc.o
 .debug_aranges
                0x000002a8      0x100 ..\obj\stm32f0xx_adc.o
 .debug_aranges
                0x000003a8       0x50 ..\obj\timework.o
 .debug_aranges
                0x000003f8       0x50 ..\obj\stm32f0xx_iwdg.o
 .debug_aranges
                0x00000448       0x48 ..\obj\main.o
 .debug_aranges
                0x00000490       0x28 ..\obj\startup_stm32f0xx.o
 .debug_aranges
                0x000004b8       0x70 ..\obj\stm32f0xx_dma.o
 .debug_aranges
                0x00000528       0x30 ..\obj\motor.o
 .debug_aranges
                0x00000558       0x30 ..\obj\system_stm32f0xx_temp.o
 .debug_aranges
                0x00000588       0x80 ..\obj\stm32f0xx_gpio.o
 .debug_aranges
                0x00000608      0x1a0 ..\obj\stm32f0xx_rtc.o
 .debug_aranges
                0x000007a8      0x1a0 ..\obj\stm32f0xx_usart.o
 .debug_aranges
                0x00000948      0x2f0 ..\obj\stm32f0xx_tim.o
 .debug_aranges
                0x00000c38       0x40 ..\obj\debug.o
 .debug_aranges
                0x00000c78      0x100 ..\obj\stm32f0xx_flash.o
 .debug_aranges
                0x00000d78       0x58 ..\obj\stm32f0xx_exti.o
 .debug_aranges
                0x00000dd0       0x48 ..\obj\RC5.o
 .debug_aranges
                0x00000e18       0x58 ..\obj\stm32f0xx_syscfg.o
 .debug_aranges
                0x00000e70       0x68 ..\obj\stm32f0xx_pwr.o
 .debug_aranges
                0x00000ed8       0x30 ..\obj\stm32f0xx_misc.o
 .debug_aranges
                0x00000f08       0x80 ..\obj\stm32f0xx_dac.o

.debug_ranges   0x00000000      0xf00
 .debug_ranges  0x00000000       0x30 ..\obj\string.o
 .debug_ranges  0x00000030       0x38 ..\obj\sound.o
 .debug_ranges  0x00000068       0x80 ..\obj\UI.o
 .debug_ranges  0x000000e8       0xe8 ..\obj\FM.o
 .debug_ranges  0x000001d0      0x140 ..\obj\stm32f0xx_rcc.o
 .debug_ranges  0x00000310       0xf0 ..\obj\stm32f0xx_adc.o
 .debug_ranges  0x00000400       0x40 ..\obj\timework.o
 .debug_ranges  0x00000440       0x40 ..\obj\stm32f0xx_iwdg.o
 .debug_ranges  0x00000480       0x68 ..\obj\main.o
 .debug_ranges  0x000004e8       0x20 ..\obj\startup_stm32f0xx.o
 .debug_ranges  0x00000508       0x60 ..\obj\stm32f0xx_dma.o
 .debug_ranges  0x00000568       0x20 ..\obj\motor.o
 .debug_ranges  0x00000588       0x20 ..\obj\system_stm32f0xx_temp.o
 .debug_ranges  0x000005a8       0x70 ..\obj\stm32f0xx_gpio.o
 .debug_ranges  0x00000618      0x190 ..\obj\stm32f0xx_rtc.o
 .debug_ranges  0x000007a8      0x190 ..\obj\stm32f0xx_usart.o
 .debug_ranges  0x00000938      0x2f8 ..\obj\stm32f0xx_tim.o
 .debug_ranges  0x00000c30       0x30 ..\obj\debug.o
 .debug_ranges  0x00000c60       0xf0 ..\obj\stm32f0xx_flash.o
 .debug_ranges  0x00000d50       0x48 ..\obj\stm32f0xx_exti.o
 .debug_ranges  0x00000d98       0x38 ..\obj\RC5.o
 .debug_ranges  0x00000dd0       0x48 ..\obj\stm32f0xx_syscfg.o
 .debug_ranges  0x00000e18       0x58 ..\obj\stm32f0xx_pwr.o
 .debug_ranges  0x00000e70       0x20 ..\obj\stm32f0xx_misc.o
 .debug_ranges  0x00000e90       0x70 ..\obj\stm32f0xx_dac.o

.debug_line     0x00000000     0x592a
 .debug_line    0x00000000      0x1ad ..\obj\string.o
 .debug_line    0x000001ad      0x32e ..\obj\sound.o
 .debug_line    0x000004db      0x63f ..\obj\UI.o
 .debug_line    0x00000b1a      0x2f6 ..\obj\FM.o
 .debug_line    0x00000e10      0x528 ..\obj\stm32f0xx_rcc.o
 .debug_line    0x00001338      0x428 ..\obj\stm32f0xx_adc.o
 .debug_line    0x00001760      0x247 ..\obj\timework.o
 .debug_line    0x000019a7      0x1ca ..\obj\stm32f0xx_iwdg.o
 .debug_line    0x00001b71      0x58e ..\obj\main.o
 .debug_line    0x000020ff       0xae ..\obj\startup_stm32f0xx.o
 .debug_line    0x000021ad      0x297 ..\obj\stm32f0xx_dma.o
 .debug_line    0x00002444      0x1f7 ..\obj\motor.o
 .debug_line    0x0000263b      0x18a ..\obj\system_stm32f0xx_temp.o
 .debug_line    0x000027c5      0x2d0 ..\obj\stm32f0xx_gpio.o
 .debug_line    0x00002a95      0x7c1 ..\obj\stm32f0xx_rtc.o
 .debug_line    0x00003256      0x637 ..\obj\stm32f0xx_usart.o
 .debug_line    0x0000388d      0xa98 ..\obj\stm32f0xx_tim.o
 .debug_line    0x00004325      0x25d ..\obj\debug.o
 .debug_line    0x00004582      0x4b7 ..\obj\stm32f0xx_flash.o
 .debug_line    0x00004a39      0x23d ..\obj\stm32f0xx_exti.o
 .debug_line    0x00004c76      0x325 ..\obj\RC5.o
 .debug_line    0x00004f9b      0x1f6 ..\obj\stm32f0xx_syscfg.o
 .debug_line    0x00005191      0x2d9 ..\obj\stm32f0xx_pwr.o
 .debug_line    0x0000546a      0x209 ..\obj\stm32f0xx_misc.o
 .debug_line    0x00005673      0x2b7 ..\obj\stm32f0xx_dac.o

.debug_str      0x00000000     0x4639
 .debug_str     0x00000000      0x16b ..\obj\string.o
                                0x1b5 (size before relaxing)
 .debug_str     0x0000016b      0x6b0 ..\obj\sound.o
                                0x7fd (size before relaxing)
 .debug_str     0x0000081b      0x508 ..\obj\UI.o
                                0x802 (size before relaxing)
 .debug_str     0x00000d23      0x1a0 ..\obj\FM.o
                                0x6e2 (size before relaxing)
 .debug_str     0x00000ec3      0x52a ..\obj\stm32f0xx_rcc.o
                                0x727 (size before relaxing)
 .debug_str     0x000013ed      0x3ea ..\obj\stm32f0xx_adc.o
                                0x5bc (size before relaxing)
 .debug_str     0x000017d7       0xe0 ..\obj\timework.o
                                0x2e7 (size before relaxing)
 .debug_str     0x000018b7       0xfc ..\obj\stm32f0xx_iwdg.o
                                0x276 (size before relaxing)
 .debug_str     0x000019b3      0x66a ..\obj\main.o
                               0x1300 (size before relaxing)
 .debug_str     0x0000201d      0x11d ..\obj\stm32f0xx_dma.o
                                0x3a3 (size before relaxing)
 .debug_str     0x0000213a       0x52 ..\obj\motor.o
                                0x5ba (size before relaxing)
 .debug_str     0x0000218c       0x94 ..\obj\system_stm32f0xx_temp.o
                                0x29e (size before relaxing)
 .debug_str     0x00002220      0x168 ..\obj\stm32f0xx_gpio.o
                                0x4b4 (size before relaxing)
 .debug_str     0x00002388      0x640 ..\obj\stm32f0xx_rtc.o
                                0x9c2 (size before relaxing)
 .debug_str     0x000029c8      0x6f0 ..\obj\stm32f0xx_usart.o
                                0x995 (size before relaxing)
 .debug_str     0x000030b8      0x9bb ..\obj\stm32f0xx_tim.o
                                0xe0e (size before relaxing)
 .debug_str     0x00003a73       0x61 ..\obj\debug.o
                                0x4c1 (size before relaxing)
 .debug_str     0x00003ad4      0x365 ..\obj\stm32f0xx_flash.o
                                0x57a (size before relaxing)
 .debug_str     0x00003e39       0xf1 ..\obj\stm32f0xx_exti.o
                                0x331 (size before relaxing)
 .debug_str     0x00003f2a      0x275 ..\obj\RC5.o
                                0xbaa (size before relaxing)
 .debug_str     0x0000419f      0x177 ..\obj\stm32f0xx_syscfg.o
                                0x31d (size before relaxing)
 .debug_str     0x00004316      0x13f ..\obj\stm32f0xx_pwr.o
                                0x334 (size before relaxing)
 .debug_str     0x00004455       0xac ..\obj\stm32f0xx_misc.o
                                0x2f8 (size before relaxing)
 .debug_str     0x00004501      0x138 ..\obj\stm32f0xx_dac.o
                                0x385 (size before relaxing)

.debug_frame    0x00000000     0x22e4
 .debug_frame   0x00000000       0x9c ..\obj\string.o
 .debug_frame   0x0000009c       0xb8 ..\obj\sound.o
 .debug_frame   0x00000154      0x19c ..\obj\UI.o
 .debug_frame   0x000002f0       0x80 ..\obj\FM.o
 .debug_frame   0x00000370      0x2a0 ..\obj\stm32f0xx_rcc.o
 .debug_frame   0x00000610      0x1f0 ..\obj\stm32f0xx_adc.o
 .debug_frame   0x00000800       0xd0 ..\obj\timework.o
 .debug_frame   0x000008d0       0x80 ..\obj\stm32f0xx_iwdg.o
 .debug_frame   0x00000950       0xc0 ..\obj\main.o
 .debug_frame   0x00000a10       0xc8 ..\obj\stm32f0xx_dma.o
 .debug_frame   0x00000ad8       0x50 ..\obj\motor.o
 .debug_frame   0x00000b28       0x58 ..\obj\system_stm32f0xx_temp.o
 .debug_frame   0x00000b80      0x108 ..\obj\stm32f0xx_gpio.o
 .debug_frame   0x00000c88      0x410 ..\obj\stm32f0xx_rtc.o
 .debug_frame   0x00001098      0x350 ..\obj\stm32f0xx_usart.o
 .debug_frame   0x000013e8      0x694 ..\obj\stm32f0xx_tim.o
 .debug_frame   0x00001a7c       0x90 ..\obj\debug.o
 .debug_frame   0x00001b0c      0x29c ..\obj\stm32f0xx_flash.o
 .debug_frame   0x00001da8       0x98 ..\obj\stm32f0xx_exti.o
 .debug_frame   0x00001e40       0xb8 ..\obj\RC5.o
 .debug_frame   0x00001ef8       0x98 ..\obj\stm32f0xx_syscfg.o
 .debug_frame   0x00001f90       0xc0 ..\obj\stm32f0xx_pwr.o
 .debug_frame   0x00002050       0x4c ..\obj\stm32f0xx_misc.o
 .debug_frame   0x0000209c       0xf8 ..\obj\stm32f0xx_dac.o
 .debug_frame   0x00002194       0x20 c:/program files (x86)/arm gcc/bin/../lib/gcc/arm-none-eabi/4.8.4/armv6-m\libgcc.a(_udivsi3.o)
 .debug_frame   0x000021b4       0x20 c:/program files (x86)/arm gcc/bin/../lib/gcc/arm-none-eabi/4.8.4/armv6-m\libgcc.a(_divsi3.o)
 .debug_frame   0x000021d4       0x30 c:/program files (x86)/arm gcc/bin/../lib/gcc/arm-none-eabi/4.8.4/../../../../arm-none-eabi/lib/armv6-m\libg.a(lib_a-memset.o)
 .debug_frame   0x00002204       0x54 c:/program files (x86)/arm gcc/bin/../lib/gcc/arm-none-eabi/4.8.4/../../../../arm-none-eabi/lib/armv6-m\libg.a(lib_a-__call_atexit.o)
 .debug_frame   0x00002258       0x28 c:/program files (x86)/arm gcc/bin/../lib/gcc/arm-none-eabi/4.8.4/../../../../arm-none-eabi/lib/armv6-m\libg.a(lib_a-atexit.o)
 .debug_frame   0x00002280       0x2c c:/program files (x86)/arm gcc/bin/../lib/gcc/arm-none-eabi/4.8.4/../../../../arm-none-eabi/lib/armv6-m\libg.a(lib_a-fini.o)
 .debug_frame   0x000022ac       0x38 c:/program files (x86)/arm gcc/bin/../lib/gcc/arm-none-eabi/4.8.4/../../../../arm-none-eabi/lib/armv6-m\libg.a(lib_a-__atexit.o)
